MSBuild version 17.8.49+7806cbf7b for .NET
  Determining projects to restore...
  Restored /tmp/gh-issue-solver-1777840360064/GodotTopDownTemplate.csproj (in 615 ms).
/tmp/gh-issue-solver-1777840360064/Scripts/Weapons/Shotgun.cs(1356,17): warning CS0114: 'Shotgun.StartReload()' hides inherited member 'BaseWeapon.StartReload()'. To make the current member override that implementation, add the override keyword. Otherwise add the new keyword. [/tmp/gh-issue-solver-1777840360064/GodotTopDownTemplate.csproj]
/tmp/gh-issue-solver-1777840360064/Scripts/Projectiles/GrenadeTimer.cs(379,49): warning CS0618: 'TileMap' is obsolete: 'Use multiple 'TileMapLayer' nodes instead. To convert a TileMap to a set of TileMapLayer nodes, open the TileMap bottom panel with the node selected, click the toolbox icon in the top-right corner and choose 'Extract TileMap layers as individual TileMapLayer nodes'.' [/tmp/gh-issue-solver-1777840360064/GodotTopDownTemplate.csproj]
/tmp/gh-issue-solver-1777840360064/Scripts/Projectiles/GrenadeTimer.cs(645,67): warning CS8625: Cannot convert null literal to non-nullable reference type. [/tmp/gh-issue-solver-1777840360064/GodotTopDownTemplate.csproj]
/tmp/gh-issue-solver-1777840360064/Scripts/Projectiles/GrenadeTimer.cs(691,69): warning CS8604: Possible null reference argument for parameter 'from' in 'Variant.implicit operator Variant(GodotObject from)'. [/tmp/gh-issue-solver-1777840360064/GodotTopDownTemplate.csproj]
/tmp/gh-issue-solver-1777840360064/Scripts/Projectiles/GrenadeTimer.cs(714,73): warning CS8604: Possible null reference argument for parameter 'from' in 'Variant.implicit operator Variant(GodotObject from)'. [/tmp/gh-issue-solver-1777840360064/GodotTopDownTemplate.csproj]
/tmp/gh-issue-solver-1777840360064/Scripts/AbstractClasses/BaseWeapon.cs(519,90): warning CS8625: Cannot convert null literal to non-nullable reference type. [/tmp/gh-issue-solver-1777840360064/GodotTopDownTemplate.csproj]
/tmp/gh-issue-solver-1777840360064/Scripts/AbstractClasses/BaseWeapon.cs(702,75): warning CS8604: Possible null reference argument for parameter 'from' in 'Variant.implicit operator Variant(GodotObject from)'. [/tmp/gh-issue-solver-1777840360064/GodotTopDownTemplate.csproj]
/tmp/gh-issue-solver-1777840360064/Scripts/AbstractClasses/BaseWeapon.cs(725,13): warning CS0162: Unreachable code detected [/tmp/gh-issue-solver-1777840360064/GodotTopDownTemplate.csproj]
/tmp/gh-issue-solver-1777840360064/Scripts/Weapons/SniperRifle.cs(971,63): warning CS0618: 'TileMap' is obsolete: 'Use multiple 'TileMapLayer' nodes instead. To convert a TileMap to a set of TileMapLayer nodes, open the TileMap bottom panel with the node selected, click the toolbox icon in the top-right corner and choose 'Extract TileMap layers as individual TileMapLayer nodes'.' [/tmp/gh-issue-solver-1777840360064/GodotTopDownTemplate.csproj]
/tmp/gh-issue-solver-1777840360064/Scripts/Weapons/SniperRifle.cs(1061,63): warning CS0618: 'TileMap' is obsolete: 'Use multiple 'TileMapLayer' nodes instead. To convert a TileMap to a set of TileMapLayer nodes, open the TileMap bottom panel with the node selected, click the toolbox icon in the top-right corner and choose 'Extract TileMap layers as individual TileMapLayer nodes'.' [/tmp/gh-issue-solver-1777840360064/GodotTopDownTemplate.csproj]
/tmp/gh-issue-solver-1777840360064/Scripts/Weapons/SniperRifle.cs(1271,63): warning CS0618: 'TileMap' is obsolete: 'Use multiple 'TileMapLayer' nodes instead. To convert a TileMap to a set of TileMapLayer nodes, open the TileMap bottom panel with the node selected, click the toolbox icon in the top-right corner and choose 'Extract TileMap layers as individual TileMapLayer nodes'.' [/tmp/gh-issue-solver-1777840360064/GodotTopDownTemplate.csproj]
/tmp/gh-issue-solver-1777840360064/Scripts/Weapons/SniperRifle.cs(1459,63): warning CS0618: 'TileMap' is obsolete: 'Use multiple 'TileMapLayer' nodes instead. To convert a TileMap to a set of TileMapLayer nodes, open the TileMap bottom panel with the node selected, click the toolbox icon in the top-right corner and choose 'Extract TileMap layers as individual TileMapLayer nodes'.' [/tmp/gh-issue-solver-1777840360064/GodotTopDownTemplate.csproj]
/tmp/gh-issue-solver-1777840360064/Scripts/Components/LevelInitFallback.cs(1035,34): warning CS8604: Possible null reference argument for parameter 'from' in 'Variant.implicit operator Variant(GodotObject from)'. [/tmp/gh-issue-solver-1777840360064/GodotTopDownTemplate.csproj]
/tmp/gh-issue-solver-1777840360064/Scripts/Components/LevelInitFallback.cs(1036,45): warning CS8604: Possible null reference argument for parameter 'from' in 'Variant.implicit operator Variant(GodotObject from)'. [/tmp/gh-issue-solver-1777840360064/GodotTopDownTemplate.csproj]
/tmp/gh-issue-solver-1777840360064/Scripts/Components/LevelInitFallback.cs(1037,38): warning CS8604: Possible null reference argument for parameter 'from' in 'Variant.implicit operator Variant(GodotObject from)'. [/tmp/gh-issue-solver-1777840360064/GodotTopDownTemplate.csproj]
/tmp/gh-issue-solver-1777840360064/Scripts/Weapons/SniperRifle.cs(1790,93): warning CS8625: Cannot convert null literal to non-nullable reference type. [/tmp/gh-issue-solver-1777840360064/GodotTopDownTemplate.csproj]
/tmp/gh-issue-solver-1777840360064/Scripts/Components/LevelInitFallback.cs(1916,21): warning CS0618: 'Image.Create(int, int, bool, Image.Format)' is obsolete: 'Use 'Godot.Image.CreateEmpty(int, int, bool, Image.Format)'.' [/tmp/gh-issue-solver-1777840360064/GodotTopDownTemplate.csproj]
/tmp/gh-issue-solver-1777840360064/Scripts/Components/LevelInitFallback.cs(1942,21): warning CS0618: 'Image.Create(int, int, bool, Image.Format)' is obsolete: 'Use 'Godot.Image.CreateEmpty(int, int, bool, Image.Format)'.' [/tmp/gh-issue-solver-1777840360064/GodotTopDownTemplate.csproj]
/tmp/gh-issue-solver-1777840360064/Scripts/Projectiles/BreakerDetonation.cs(138,57): warning CS0618: 'TileMap' is obsolete: 'Use multiple 'TileMapLayer' nodes instead. To convert a TileMap to a set of TileMapLayer nodes, open the TileMap bottom panel with the node selected, click the toolbox icon in the top-right corner and choose 'Extract TileMap layers as individual TileMapLayer nodes'.' [/tmp/gh-issue-solver-1777840360064/GodotTopDownTemplate.csproj]
/tmp/gh-issue-solver-1777840360064/Scripts/Projectiles/SniperBullet.cs(222,45): warning CS0618: 'TileMap' is obsolete: 'Use multiple 'TileMapLayer' nodes instead. To convert a TileMap to a set of TileMapLayer nodes, open the TileMap bottom panel with the node selected, click the toolbox icon in the top-right corner and choose 'Extract TileMap layers as individual TileMapLayer nodes'.' [/tmp/gh-issue-solver-1777840360064/GodotTopDownTemplate.csproj]
/tmp/gh-issue-solver-1777840360064/Scripts/Projectiles/SniperBullet.cs(300,72): warning CS8625: Cannot convert null literal to non-nullable reference type. [/tmp/gh-issue-solver-1777840360064/GodotTopDownTemplate.csproj]
/tmp/gh-issue-solver-1777840360064/Scripts/Projectiles/SniperBullet.cs(408,99): warning CS8625: Cannot convert null literal to non-nullable reference type. [/tmp/gh-issue-solver-1777840360064/GodotTopDownTemplate.csproj]
/tmp/gh-issue-solver-1777840360064/Scripts/Projectiles/BreakerDetonation.cs(298,36): warning CS8625: Cannot convert null literal to non-nullable reference type. [/tmp/gh-issue-solver-1777840360064/GodotTopDownTemplate.csproj]
/tmp/gh-issue-solver-1777840360064/Scripts/Projectiles/BreakerDetonation.cs(306,78): warning CS8625: Cannot convert null literal to non-nullable reference type. [/tmp/gh-issue-solver-1777840360064/GodotTopDownTemplate.csproj]
/tmp/gh-issue-solver-1777840360064/Scripts/Projectiles/ShotgunPellet.cs(296,21): warning CS0162: Unreachable code detected [/tmp/gh-issue-solver-1777840360064/GodotTopDownTemplate.csproj]
/tmp/gh-issue-solver-1777840360064/Scripts/Projectiles/ShotgunPellet.cs(363,13): warning CS0162: Unreachable code detected [/tmp/gh-issue-solver-1777840360064/GodotTopDownTemplate.csproj]
/tmp/gh-issue-solver-1777840360064/Scripts/Projectiles/ShotgunPellet.cs(383,13): warning CS0162: Unreachable code detected [/tmp/gh-issue-solver-1777840360064/GodotTopDownTemplate.csproj]
/tmp/gh-issue-solver-1777840360064/Scripts/Projectiles/ShotgunPellet.cs(426,17): warning CS0162: Unreachable code detected [/tmp/gh-issue-solver-1777840360064/GodotTopDownTemplate.csproj]
/tmp/gh-issue-solver-1777840360064/Scripts/Projectiles/ShotgunPellet.cs(437,13): warning CS0162: Unreachable code detected [/tmp/gh-issue-solver-1777840360064/GodotTopDownTemplate.csproj]
/tmp/gh-issue-solver-1777840360064/Scripts/Projectiles/ShotgunPellet.cs(489,21): warning CS0162: Unreachable code detected [/tmp/gh-issue-solver-1777840360064/GodotTopDownTemplate.csproj]
/tmp/gh-issue-solver-1777840360064/Scripts/Projectiles/ShotgunPellet.cs(556,21): warning CS0162: Unreachable code detected [/tmp/gh-issue-solver-1777840360064/GodotTopDownTemplate.csproj]
/tmp/gh-issue-solver-1777840360064/Scripts/Projectiles/ShotgunPellet.cs(666,66): warning CS0618: 'TileMap' is obsolete: 'Use multiple 'TileMapLayer' nodes instead. To convert a TileMap to a set of TileMapLayer nodes, open the TileMap bottom panel with the node selected, click the toolbox icon in the top-right corner and choose 'Extract TileMap layers as individual TileMapLayer nodes'.' [/tmp/gh-issue-solver-1777840360064/GodotTopDownTemplate.csproj]
/tmp/gh-issue-solver-1777840360064/Scripts/Projectiles/ShotgunPellet.cs(673,45): warning CS0618: 'TileMap' is obsolete: 'Use multiple 'TileMapLayer' nodes instead. To convert a TileMap to a set of TileMapLayer nodes, open the TileMap bottom panel with the node selected, click the toolbox icon in the top-right corner and choose 'Extract TileMap layers as individual TileMapLayer nodes'.' [/tmp/gh-issue-solver-1777840360064/GodotTopDownTemplate.csproj]
/tmp/gh-issue-solver-1777840360064/Scripts/Projectiles/ShotgunPellet.cs(714,99): warning CS8625: Cannot convert null literal to non-nullable reference type. [/tmp/gh-issue-solver-1777840360064/GodotTopDownTemplate.csproj]
/tmp/gh-issue-solver-1777840360064/Scripts/Weapons/SilencedPistol.cs(832,94): warning CS8625: Cannot convert null literal to non-nullable reference type. [/tmp/gh-issue-solver-1777840360064/GodotTopDownTemplate.csproj]
/tmp/gh-issue-solver-1777840360064/Scripts/Projectiles/ShotgunPellet.cs(778,72): warning CS8625: Cannot convert null literal to non-nullable reference type. [/tmp/gh-issue-solver-1777840360064/GodotTopDownTemplate.csproj]
/tmp/gh-issue-solver-1777840360064/Scripts/Projectiles/ShotgunPellet.cs(873,17): warning CS0162: Unreachable code detected [/tmp/gh-issue-solver-1777840360064/GodotTopDownTemplate.csproj]
/tmp/gh-issue-solver-1777840360064/Scripts/Projectiles/ShotgunPellet.cs(883,17): warning CS0162: Unreachable code detected [/tmp/gh-issue-solver-1777840360064/GodotTopDownTemplate.csproj]
/tmp/gh-issue-solver-1777840360064/Scripts/Projectiles/ShotgunPellet.cs(893,13): warning CS0162: Unreachable code detected [/tmp/gh-issue-solver-1777840360064/GodotTopDownTemplate.csproj]
/tmp/gh-issue-solver-1777840360064/Scripts/Projectiles/ShotgunPellet.cs(901,17): warning CS0162: Unreachable code detected [/tmp/gh-issue-solver-1777840360064/GodotTopDownTemplate.csproj]
/tmp/gh-issue-solver-1777840360064/Scripts/Projectiles/ShotgunPellet.cs(911,13): warning CS0162: Unreachable code detected [/tmp/gh-issue-solver-1777840360064/GodotTopDownTemplate.csproj]
/tmp/gh-issue-solver-1777840360064/Scripts/Projectiles/ShotgunPellet.cs(918,17): warning CS0162: Unreachable code detected [/tmp/gh-issue-solver-1777840360064/GodotTopDownTemplate.csproj]
/tmp/gh-issue-solver-1777840360064/Scripts/Projectiles/ShotgunPellet.cs(1024,13): warning CS0162: Unreachable code detected [/tmp/gh-issue-solver-1777840360064/GodotTopDownTemplate.csproj]
/tmp/gh-issue-solver-1777840360064/Scripts/Characters/Player.ActiveItems.cs(3601,33): warning CS8625: Cannot convert null literal to non-nullable reference type. [/tmp/gh-issue-solver-1777840360064/GodotTopDownTemplate.csproj]
/tmp/gh-issue-solver-1777840360064/Scripts/Characters/Player.ActiveItems.cs(3613,36): warning CS8625: Cannot convert null literal to non-nullable reference type. [/tmp/gh-issue-solver-1777840360064/GodotTopDownTemplate.csproj]
/tmp/gh-issue-solver-1777840360064/Scripts/Projectiles/Bullet.cs(462,21): warning CS0162: Unreachable code detected [/tmp/gh-issue-solver-1777840360064/GodotTopDownTemplate.csproj]
/tmp/gh-issue-solver-1777840360064/Scripts/Projectiles/Bullet.cs(669,66): warning CS0618: 'TileMap' is obsolete: 'Use multiple 'TileMapLayer' nodes instead. To convert a TileMap to a set of TileMapLayer nodes, open the TileMap bottom panel with the node selected, click the toolbox icon in the top-right corner and choose 'Extract TileMap layers as individual TileMapLayer nodes'.' [/tmp/gh-issue-solver-1777840360064/GodotTopDownTemplate.csproj]
/tmp/gh-issue-solver-1777840360064/Scripts/Projectiles/Bullet.cs(675,45): warning CS0618: 'TileMap' is obsolete: 'Use multiple 'TileMapLayer' nodes instead. To convert a TileMap to a set of TileMapLayer nodes, open the TileMap bottom panel with the node selected, click the toolbox icon in the top-right corner and choose 'Extract TileMap layers as individual TileMapLayer nodes'.' [/tmp/gh-issue-solver-1777840360064/GodotTopDownTemplate.csproj]
/tmp/gh-issue-solver-1777840360064/Scripts/Projectiles/Bullet.cs(648,36): warning CS0162: Unreachable code detected [/tmp/gh-issue-solver-1777840360064/GodotTopDownTemplate.csproj]
/tmp/gh-issue-solver-1777840360064/Scripts/Projectiles/Bullet.cs(774,99): warning CS8625: Cannot convert null literal to non-nullable reference type. [/tmp/gh-issue-solver-1777840360064/GodotTopDownTemplate.csproj]
/tmp/gh-issue-solver-1777840360064/Scripts/Projectiles/Bullet.cs(889,72): warning CS8625: Cannot convert null literal to non-nullable reference type. [/tmp/gh-issue-solver-1777840360064/GodotTopDownTemplate.csproj]
/tmp/gh-issue-solver-1777840360064/Scripts/Projectiles/Bullet.cs(807,24): warning CS0162: Unreachable code detected [/tmp/gh-issue-solver-1777840360064/GodotTopDownTemplate.csproj]
/tmp/gh-issue-solver-1777840360064/Scripts/Projectiles/Bullet.cs(815,28): warning CS0162: Unreachable code detected [/tmp/gh-issue-solver-1777840360064/GodotTopDownTemplate.csproj]
/tmp/gh-issue-solver-1777840360064/Scripts/Projectiles/Bullet.cs(825,28): warning CS0162: Unreachable code detected [/tmp/gh-issue-solver-1777840360064/GodotTopDownTemplate.csproj]
/tmp/gh-issue-solver-1777840360064/Scripts/Projectiles/Bullet.cs(835,28): warning CS0162: Unreachable code detected [/tmp/gh-issue-solver-1777840360064/GodotTopDownTemplate.csproj]
/tmp/gh-issue-solver-1777840360064/Scripts/Projectiles/Bullet.cs(850,36): warning CS0162: Unreachable code detected [/tmp/gh-issue-solver-1777840360064/GodotTopDownTemplate.csproj]
/tmp/gh-issue-solver-1777840360064/Scripts/Projectiles/Bullet.cs(864,32): warning CS0162: Unreachable code detected [/tmp/gh-issue-solver-1777840360064/GodotTopDownTemplate.csproj]
/tmp/gh-issue-solver-1777840360064/Scripts/Projectiles/Bullet.cs(888,28): warning CS0162: Unreachable code detected [/tmp/gh-issue-solver-1777840360064/GodotTopDownTemplate.csproj]
/tmp/gh-issue-solver-1777840360064/Scripts/Projectiles/Bullet.cs(895,28): warning CS0162: Unreachable code detected [/tmp/gh-issue-solver-1777840360064/GodotTopDownTemplate.csproj]
/tmp/gh-issue-solver-1777840360064/Scripts/Projectiles/Bullet.cs(904,28): warning CS0162: Unreachable code detected [/tmp/gh-issue-solver-1777840360064/GodotTopDownTemplate.csproj]
/tmp/gh-issue-solver-1777840360064/Scripts/Projectiles/Bullet.cs(911,28): warning CS0162: Unreachable code detected [/tmp/gh-issue-solver-1777840360064/GodotTopDownTemplate.csproj]
/tmp/gh-issue-solver-1777840360064/Scripts/Projectiles/Bullet.cs(918,28): warning CS0162: Unreachable code detected [/tmp/gh-issue-solver-1777840360064/GodotTopDownTemplate.csproj]
/tmp/gh-issue-solver-1777840360064/Scripts/Projectiles/Bullet.cs(928,28): warning CS0162: Unreachable code detected [/tmp/gh-issue-solver-1777840360064/GodotTopDownTemplate.csproj]
/tmp/gh-issue-solver-1777840360064/Scripts/Projectiles/Bullet.cs(950,28): warning CS0162: Unreachable code detected [/tmp/gh-issue-solver-1777840360064/GodotTopDownTemplate.csproj]
/tmp/gh-issue-solver-1777840360064/Scripts/Projectiles/Bullet.cs(1012,28): warning CS0162: Unreachable code detected [/tmp/gh-issue-solver-1777840360064/GodotTopDownTemplate.csproj]
/tmp/gh-issue-solver-1777840360064/Scripts/Projectiles/Bullet.cs(1032,28): warning CS0162: Unreachable code detected [/tmp/gh-issue-solver-1777840360064/GodotTopDownTemplate.csproj]
/tmp/gh-issue-solver-1777840360064/Scripts/Projectiles/Bullet.cs(1040,28): warning CS0162: Unreachable code detected [/tmp/gh-issue-solver-1777840360064/GodotTopDownTemplate.csproj]
/tmp/gh-issue-solver-1777840360064/Scripts/Projectiles/Bullet.cs(1048,32): warning CS0162: Unreachable code detected [/tmp/gh-issue-solver-1777840360064/GodotTopDownTemplate.csproj]
/tmp/gh-issue-solver-1777840360064/Scripts/Projectiles/Bullet.cs(1073,17): warning CS0162: Unreachable code detected [/tmp/gh-issue-solver-1777840360064/GodotTopDownTemplate.csproj]
/tmp/gh-issue-solver-1777840360064/Scripts/Projectiles/Bullet.cs(1084,17): warning CS0162: Unreachable code detected [/tmp/gh-issue-solver-1777840360064/GodotTopDownTemplate.csproj]
/tmp/gh-issue-solver-1777840360064/Scripts/Projectiles/Bullet.cs(1097,13): warning CS0162: Unreachable code detected [/tmp/gh-issue-solver-1777840360064/GodotTopDownTemplate.csproj]
/tmp/gh-issue-solver-1777840360064/Scripts/Projectiles/Bullet.cs(1105,13): warning CS0162: Unreachable code detected [/tmp/gh-issue-solver-1777840360064/GodotTopDownTemplate.csproj]
/tmp/gh-issue-solver-1777840360064/Scripts/Projectiles/Bullet.cs(1113,17): warning CS0162: Unreachable code detected [/tmp/gh-issue-solver-1777840360064/GodotTopDownTemplate.csproj]
/tmp/gh-issue-solver-1777840360064/Scripts/Projectiles/Bullet.cs(1273,13): warning CS0162: Unreachable code detected [/tmp/gh-issue-solver-1777840360064/GodotTopDownTemplate.csproj]
/tmp/gh-issue-solver-1777840360064/Scripts/Projectiles/Bullet.cs(1333,9): warning CS0162: Unreachable code detected [/tmp/gh-issue-solver-1777840360064/GodotTopDownTemplate.csproj]
/tmp/gh-issue-solver-1777840360064/Scripts/Projectiles/Bullet.cs(1458,13): warning CS0162: Unreachable code detected [/tmp/gh-issue-solver-1777840360064/GodotTopDownTemplate.csproj]
/tmp/gh-issue-solver-1777840360064/Scripts/Projectiles/Bullet.cs(1582,93): warning CS8625: Cannot convert null literal to non-nullable reference type. [/tmp/gh-issue-solver-1777840360064/GodotTopDownTemplate.csproj]
/tmp/gh-issue-solver-1777840360064/Scripts/Projectiles/Bullet.cs(1601,109): warning CS8625: Cannot convert null literal to non-nullable reference type. [/tmp/gh-issue-solver-1777840360064/GodotTopDownTemplate.csproj]
/tmp/gh-issue-solver-1777840360064/Scripts/Projectiles/Bullet.cs(1685,13): warning CS0162: Unreachable code detected [/tmp/gh-issue-solver-1777840360064/GodotTopDownTemplate.csproj]
/tmp/gh-issue-solver-1777840360064/Scripts/Projectiles/Bullet.cs(1705,13): warning CS0162: Unreachable code detected [/tmp/gh-issue-solver-1777840360064/GodotTopDownTemplate.csproj]
/tmp/gh-issue-solver-1777840360064/Scripts/Projectiles/Bullet.cs(1726,13): warning CS0162: Unreachable code detected [/tmp/gh-issue-solver-1777840360064/GodotTopDownTemplate.csproj]
/tmp/gh-issue-solver-1777840360064/Scripts/Projectiles/Bullet.cs(1769,17): warning CS0162: Unreachable code detected [/tmp/gh-issue-solver-1777840360064/GodotTopDownTemplate.csproj]
/tmp/gh-issue-solver-1777840360064/Scripts/Projectiles/Bullet.cs(1780,13): warning CS0162: Unreachable code detected [/tmp/gh-issue-solver-1777840360064/GodotTopDownTemplate.csproj]
/tmp/gh-issue-solver-1777840360064/Scripts/Projectiles/Bullet.cs(1832,21): warning CS0162: Unreachable code detected [/tmp/gh-issue-solver-1777840360064/GodotTopDownTemplate.csproj]
/tmp/gh-issue-solver-1777840360064/Scripts/Projectiles/Bullet.cs(1901,21): warning CS0162: Unreachable code detected [/tmp/gh-issue-solver-1777840360064/GodotTopDownTemplate.csproj]
/tmp/gh-issue-solver-1777840360064/Scripts/Weapons/Revolver.cs(1260,75): warning CS8604: Possible null reference argument for parameter 'from' in 'Variant.implicit operator Variant(GodotObject from)'. [/tmp/gh-issue-solver-1777840360064/GodotTopDownTemplate.csproj]
/tmp/gh-issue-solver-1777840360064/Scripts/Characters/Player.cs(1712,31): warning CS8602: Dereference of a possibly null reference. [/tmp/gh-issue-solver-1777840360064/GodotTopDownTemplate.csproj]
/tmp/gh-issue-solver-1777840360064/Scripts/Characters/Player.cs(1736,58): warning CS8602: Dereference of a possibly null reference. [/tmp/gh-issue-solver-1777840360064/GodotTopDownTemplate.csproj]
/tmp/gh-issue-solver-1777840360064/Scripts/Characters/Player.cs(1752,38): warning CS8602: Dereference of a possibly null reference. [/tmp/gh-issue-solver-1777840360064/GodotTopDownTemplate.csproj]
/tmp/gh-issue-solver-1777840360064/Scripts/Characters/Player.cs(1773,21): warning CS8602: Dereference of a possibly null reference. [/tmp/gh-issue-solver-1777840360064/GodotTopDownTemplate.csproj]
/tmp/gh-issue-solver-1777840360064/Scripts/Characters/Player.cs(2856,89): warning CS8604: Possible null reference argument for parameter 'from' in 'Variant.implicit operator Variant(GodotObject from)'. [/tmp/gh-issue-solver-1777840360064/GodotTopDownTemplate.csproj]
/tmp/gh-issue-solver-1777840360064/Scripts/Characters/Player.ActiveItems.cs(1551,49): warning CS8625: Cannot convert null literal to non-nullable reference type. [/tmp/gh-issue-solver-1777840360064/GodotTopDownTemplate.csproj]
/tmp/gh-issue-solver-1777840360064/Scripts/Characters/Player.ActiveItems.cs(4541,33): warning CS8625: Cannot convert null literal to non-nullable reference type. [/tmp/gh-issue-solver-1777840360064/GodotTopDownTemplate.csproj]
/tmp/gh-issue-solver-1777840360064/Scripts/Characters/Player.cs(926,52): warning CS8625: Cannot convert null literal to non-nullable reference type. [/tmp/gh-issue-solver-1777840360064/GodotTopDownTemplate.csproj]
  GodotTopDownTemplate -> /tmp/gh-issue-solver-1777840360064/.godot/mono/temp/bin/Debug/GodotTopDownTemplate.dll

Build succeeded.

/tmp/gh-issue-solver-1777840360064/Scripts/Weapons/Shotgun.cs(1356,17): warning CS0114: 'Shotgun.StartReload()' hides inherited member 'BaseWeapon.StartReload()'. To make the current member override that implementation, add the override keyword. Otherwise add the new keyword. [/tmp/gh-issue-solver-1777840360064/GodotTopDownTemplate.csproj]
/tmp/gh-issue-solver-1777840360064/Scripts/Projectiles/GrenadeTimer.cs(379,49): warning CS0618: 'TileMap' is obsolete: 'Use multiple 'TileMapLayer' nodes instead. To convert a TileMap to a set of TileMapLayer nodes, open the TileMap bottom panel with the node selected, click the toolbox icon in the top-right corner and choose 'Extract TileMap layers as individual TileMapLayer nodes'.' [/tmp/gh-issue-solver-1777840360064/GodotTopDownTemplate.csproj]
/tmp/gh-issue-solver-1777840360064/Scripts/Projectiles/GrenadeTimer.cs(645,67): warning CS8625: Cannot convert null literal to non-nullable reference type. [/tmp/gh-issue-solver-1777840360064/GodotTopDownTemplate.csproj]
/tmp/gh-issue-solver-1777840360064/Scripts/Projectiles/GrenadeTimer.cs(691,69): warning CS8604: Possible null reference argument for parameter 'from' in 'Variant.implicit operator Variant(GodotObject from)'. [/tmp/gh-issue-solver-1777840360064/GodotTopDownTemplate.csproj]
/tmp/gh-issue-solver-1777840360064/Scripts/Projectiles/GrenadeTimer.cs(714,73): warning CS8604: Possible null reference argument for parameter 'from' in 'Variant.implicit operator Variant(GodotObject from)'. [/tmp/gh-issue-solver-1777840360064/GodotTopDownTemplate.csproj]
/tmp/gh-issue-solver-1777840360064/Scripts/AbstractClasses/BaseWeapon.cs(519,90): warning CS8625: Cannot convert null literal to non-nullable reference type. [/tmp/gh-issue-solver-1777840360064/GodotTopDownTemplate.csproj]
/tmp/gh-issue-solver-1777840360064/Scripts/AbstractClasses/BaseWeapon.cs(702,75): warning CS8604: Possible null reference argument for parameter 'from' in 'Variant.implicit operator Variant(GodotObject from)'. [/tmp/gh-issue-solver-1777840360064/GodotTopDownTemplate.csproj]
/tmp/gh-issue-solver-1777840360064/Scripts/AbstractClasses/BaseWeapon.cs(725,13): warning CS0162: Unreachable code detected [/tmp/gh-issue-solver-1777840360064/GodotTopDownTemplate.csproj]
/tmp/gh-issue-solver-1777840360064/Scripts/Weapons/SniperRifle.cs(971,63): warning CS0618: 'TileMap' is obsolete: 'Use multiple 'TileMapLayer' nodes instead. To convert a TileMap to a set of TileMapLayer nodes, open the TileMap bottom panel with the node selected, click the toolbox icon in the top-right corner and choose 'Extract TileMap layers as individual TileMapLayer nodes'.' [/tmp/gh-issue-solver-1777840360064/GodotTopDownTemplate.csproj]
/tmp/gh-issue-solver-1777840360064/Scripts/Weapons/SniperRifle.cs(1061,63): warning CS0618: 'TileMap' is obsolete: 'Use multiple 'TileMapLayer' nodes instead. To convert a TileMap to a set of TileMapLayer nodes, open the TileMap bottom panel with the node selected, click the toolbox icon in the top-right corner and choose 'Extract TileMap layers as individual TileMapLayer nodes'.' [/tmp/gh-issue-solver-1777840360064/GodotTopDownTemplate.csproj]
/tmp/gh-issue-solver-1777840360064/Scripts/Weapons/SniperRifle.cs(1271,63): warning CS0618: 'TileMap' is obsolete: 'Use multiple 'TileMapLayer' nodes instead. To convert a TileMap to a set of TileMapLayer nodes, open the TileMap bottom panel with the node selected, click the toolbox icon in the top-right corner and choose 'Extract TileMap layers as individual TileMapLayer nodes'.' [/tmp/gh-issue-solver-1777840360064/GodotTopDownTemplate.csproj]
/tmp/gh-issue-solver-1777840360064/Scripts/Weapons/SniperRifle.cs(1459,63): warning CS0618: 'TileMap' is obsolete: 'Use multiple 'TileMapLayer' nodes instead. To convert a TileMap to a set of TileMapLayer nodes, open the TileMap bottom panel with the node selected, click the toolbox icon in the top-right corner and choose 'Extract TileMap layers as individual TileMapLayer nodes'.' [/tmp/gh-issue-solver-1777840360064/GodotTopDownTemplate.csproj]
/tmp/gh-issue-solver-1777840360064/Scripts/Components/LevelInitFallback.cs(1035,34): warning CS8604: Possible null reference argument for parameter 'from' in 'Variant.implicit operator Variant(GodotObject from)'. [/tmp/gh-issue-solver-1777840360064/GodotTopDownTemplate.csproj]
/tmp/gh-issue-solver-1777840360064/Scripts/Components/LevelInitFallback.cs(1036,45): warning CS8604: Possible null reference argument for parameter 'from' in 'Variant.implicit operator Variant(GodotObject from)'. [/tmp/gh-issue-solver-1777840360064/GodotTopDownTemplate.csproj]
/tmp/gh-issue-solver-1777840360064/Scripts/Components/LevelInitFallback.cs(1037,38): warning CS8604: Possible null reference argument for parameter 'from' in 'Variant.implicit operator Variant(GodotObject from)'. [/tmp/gh-issue-solver-1777840360064/GodotTopDownTemplate.csproj]
/tmp/gh-issue-solver-1777840360064/Scripts/Weapons/SniperRifle.cs(1790,93): warning CS8625: Cannot convert null literal to non-nullable reference type. [/tmp/gh-issue-solver-1777840360064/GodotTopDownTemplate.csproj]
/tmp/gh-issue-solver-1777840360064/Scripts/Components/LevelInitFallback.cs(1916,21): warning CS0618: 'Image.Create(int, int, bool, Image.Format)' is obsolete: 'Use 'Godot.Image.CreateEmpty(int, int, bool, Image.Format)'.' [/tmp/gh-issue-solver-1777840360064/GodotTopDownTemplate.csproj]
/tmp/gh-issue-solver-1777840360064/Scripts/Components/LevelInitFallback.cs(1942,21): warning CS0618: 'Image.Create(int, int, bool, Image.Format)' is obsolete: 'Use 'Godot.Image.CreateEmpty(int, int, bool, Image.Format)'.' [/tmp/gh-issue-solver-1777840360064/GodotTopDownTemplate.csproj]
/tmp/gh-issue-solver-1777840360064/Scripts/Projectiles/BreakerDetonation.cs(138,57): warning CS0618: 'TileMap' is obsolete: 'Use multiple 'TileMapLayer' nodes instead. To convert a TileMap to a set of TileMapLayer nodes, open the TileMap bottom panel with the node selected, click the toolbox icon in the top-right corner and choose 'Extract TileMap layers as individual TileMapLayer nodes'.' [/tmp/gh-issue-solver-1777840360064/GodotTopDownTemplate.csproj]
/tmp/gh-issue-solver-1777840360064/Scripts/Projectiles/SniperBullet.cs(222,45): warning CS0618: 'TileMap' is obsolete: 'Use multiple 'TileMapLayer' nodes instead. To convert a TileMap to a set of TileMapLayer nodes, open the TileMap bottom panel with the node selected, click the toolbox icon in the top-right corner and choose 'Extract TileMap layers as individual TileMapLayer nodes'.' [/tmp/gh-issue-solver-1777840360064/GodotTopDownTemplate.csproj]
/tmp/gh-issue-solver-1777840360064/Scripts/Projectiles/SniperBullet.cs(300,72): warning CS8625: Cannot convert null literal to non-nullable reference type. [/tmp/gh-issue-solver-1777840360064/GodotTopDownTemplate.csproj]
/tmp/gh-issue-solver-1777840360064/Scripts/Projectiles/SniperBullet.cs(408,99): warning CS8625: Cannot convert null literal to non-nullable reference type. [/tmp/gh-issue-solver-1777840360064/GodotTopDownTemplate.csproj]
/tmp/gh-issue-solver-1777840360064/Scripts/Projectiles/BreakerDetonation.cs(298,36): warning CS8625: Cannot convert null literal to non-nullable reference type. [/tmp/gh-issue-solver-1777840360064/GodotTopDownTemplate.csproj]
/tmp/gh-issue-solver-1777840360064/Scripts/Projectiles/BreakerDetonation.cs(306,78): warning CS8625: Cannot convert null literal to non-nullable reference type. [/tmp/gh-issue-solver-1777840360064/GodotTopDownTemplate.csproj]
/tmp/gh-issue-solver-1777840360064/Scripts/Projectiles/ShotgunPellet.cs(296,21): warning CS0162: Unreachable code detected [/tmp/gh-issue-solver-1777840360064/GodotTopDownTemplate.csproj]
/tmp/gh-issue-solver-1777840360064/Scripts/Projectiles/ShotgunPellet.cs(363,13): warning CS0162: Unreachable code detected [/tmp/gh-issue-solver-1777840360064/GodotTopDownTemplate.csproj]
/tmp/gh-issue-solver-1777840360064/Scripts/Projectiles/ShotgunPellet.cs(383,13): warning CS0162: Unreachable code detected [/tmp/gh-issue-solver-1777840360064/GodotTopDownTemplate.csproj]
/tmp/gh-issue-solver-1777840360064/Scripts/Projectiles/ShotgunPellet.cs(426,17): warning CS0162: Unreachable code detected [/tmp/gh-issue-solver-1777840360064/GodotTopDownTemplate.csproj]
/tmp/gh-issue-solver-1777840360064/Scripts/Projectiles/ShotgunPellet.cs(437,13): warning CS0162: Unreachable code detected [/tmp/gh-issue-solver-1777840360064/GodotTopDownTemplate.csproj]
/tmp/gh-issue-solver-1777840360064/Scripts/Projectiles/ShotgunPellet.cs(489,21): warning CS0162: Unreachable code detected [/tmp/gh-issue-solver-1777840360064/GodotTopDownTemplate.csproj]
/tmp/gh-issue-solver-1777840360064/Scripts/Projectiles/ShotgunPellet.cs(556,21): warning CS0162: Unreachable code detected [/tmp/gh-issue-solver-1777840360064/GodotTopDownTemplate.csproj]
/tmp/gh-issue-solver-1777840360064/Scripts/Projectiles/ShotgunPellet.cs(666,66): warning CS0618: 'TileMap' is obsolete: 'Use multiple 'TileMapLayer' nodes instead. To convert a TileMap to a set of TileMapLayer nodes, open the TileMap bottom panel with the node selected, click the toolbox icon in the top-right corner and choose 'Extract TileMap layers as individual TileMapLayer nodes'.' [/tmp/gh-issue-solver-1777840360064/GodotTopDownTemplate.csproj]
/tmp/gh-issue-solver-1777840360064/Scripts/Projectiles/ShotgunPellet.cs(673,45): warning CS0618: 'TileMap' is obsolete: 'Use multiple 'TileMapLayer' nodes instead. To convert a TileMap to a set of TileMapLayer nodes, open the TileMap bottom panel with the node selected, click the toolbox icon in the top-right corner and choose 'Extract TileMap layers as individual TileMapLayer nodes'.' [/tmp/gh-issue-solver-1777840360064/GodotTopDownTemplate.csproj]
/tmp/gh-issue-solver-1777840360064/Scripts/Projectiles/ShotgunPellet.cs(714,99): warning CS8625: Cannot convert null literal to non-nullable reference type. [/tmp/gh-issue-solver-1777840360064/GodotTopDownTemplate.csproj]
/tmp/gh-issue-solver-1777840360064/Scripts/Weapons/SilencedPistol.cs(832,94): warning CS8625: Cannot convert null literal to non-nullable reference type. [/tmp/gh-issue-solver-1777840360064/GodotTopDownTemplate.csproj]
/tmp/gh-issue-solver-1777840360064/Scripts/Projectiles/ShotgunPellet.cs(778,72): warning CS8625: Cannot convert null literal to non-nullable reference type. [/tmp/gh-issue-solver-1777840360064/GodotTopDownTemplate.csproj]
/tmp/gh-issue-solver-1777840360064/Scripts/Projectiles/ShotgunPellet.cs(873,17): warning CS0162: Unreachable code detected [/tmp/gh-issue-solver-1777840360064/GodotTopDownTemplate.csproj]
/tmp/gh-issue-solver-1777840360064/Scripts/Projectiles/ShotgunPellet.cs(883,17): warning CS0162: Unreachable code detected [/tmp/gh-issue-solver-1777840360064/GodotTopDownTemplate.csproj]
/tmp/gh-issue-solver-1777840360064/Scripts/Projectiles/ShotgunPellet.cs(893,13): warning CS0162: Unreachable code detected [/tmp/gh-issue-solver-1777840360064/GodotTopDownTemplate.csproj]
/tmp/gh-issue-solver-1777840360064/Scripts/Projectiles/ShotgunPellet.cs(901,17): warning CS0162: Unreachable code detected [/tmp/gh-issue-solver-1777840360064/GodotTopDownTemplate.csproj]
/tmp/gh-issue-solver-1777840360064/Scripts/Projectiles/ShotgunPellet.cs(911,13): warning CS0162: Unreachable code detected [/tmp/gh-issue-solver-1777840360064/GodotTopDownTemplate.csproj]
/tmp/gh-issue-solver-1777840360064/Scripts/Projectiles/ShotgunPellet.cs(918,17): warning CS0162: Unreachable code detected [/tmp/gh-issue-solver-1777840360064/GodotTopDownTemplate.csproj]
/tmp/gh-issue-solver-1777840360064/Scripts/Projectiles/ShotgunPellet.cs(1024,13): warning CS0162: Unreachable code detected [/tmp/gh-issue-solver-1777840360064/GodotTopDownTemplate.csproj]
/tmp/gh-issue-solver-1777840360064/Scripts/Characters/Player.ActiveItems.cs(3601,33): warning CS8625: Cannot convert null literal to non-nullable reference type. [/tmp/gh-issue-solver-1777840360064/GodotTopDownTemplate.csproj]
/tmp/gh-issue-solver-1777840360064/Scripts/Characters/Player.ActiveItems.cs(3613,36): warning CS8625: Cannot convert null literal to non-nullable reference type. [/tmp/gh-issue-solver-1777840360064/GodotTopDownTemplate.csproj]
/tmp/gh-issue-solver-1777840360064/Scripts/Projectiles/Bullet.cs(462,21): warning CS0162: Unreachable code detected [/tmp/gh-issue-solver-1777840360064/GodotTopDownTemplate.csproj]
/tmp/gh-issue-solver-1777840360064/Scripts/Projectiles/Bullet.cs(669,66): warning CS0618: 'TileMap' is obsolete: 'Use multiple 'TileMapLayer' nodes instead. To convert a TileMap to a set of TileMapLayer nodes, open the TileMap bottom panel with the node selected, click the toolbox icon in the top-right corner and choose 'Extract TileMap layers as individual TileMapLayer nodes'.' [/tmp/gh-issue-solver-1777840360064/GodotTopDownTemplate.csproj]
/tmp/gh-issue-solver-1777840360064/Scripts/Projectiles/Bullet.cs(675,45): warning CS0618: 'TileMap' is obsolete: 'Use multiple 'TileMapLayer' nodes instead. To convert a TileMap to a set of TileMapLayer nodes, open the TileMap bottom panel with the node selected, click the toolbox icon in the top-right corner and choose 'Extract TileMap layers as individual TileMapLayer nodes'.' [/tmp/gh-issue-solver-1777840360064/GodotTopDownTemplate.csproj]
/tmp/gh-issue-solver-1777840360064/Scripts/Projectiles/Bullet.cs(648,36): warning CS0162: Unreachable code detected [/tmp/gh-issue-solver-1777840360064/GodotTopDownTemplate.csproj]
/tmp/gh-issue-solver-1777840360064/Scripts/Projectiles/Bullet.cs(774,99): warning CS8625: Cannot convert null literal to non-nullable reference type. [/tmp/gh-issue-solver-1777840360064/GodotTopDownTemplate.csproj]
/tmp/gh-issue-solver-1777840360064/Scripts/Projectiles/Bullet.cs(889,72): warning CS8625: Cannot convert null literal to non-nullable reference type. [/tmp/gh-issue-solver-1777840360064/GodotTopDownTemplate.csproj]
/tmp/gh-issue-solver-1777840360064/Scripts/Projectiles/Bullet.cs(807,24): warning CS0162: Unreachable code detected [/tmp/gh-issue-solver-1777840360064/GodotTopDownTemplate.csproj]
/tmp/gh-issue-solver-1777840360064/Scripts/Projectiles/Bullet.cs(815,28): warning CS0162: Unreachable code detected [/tmp/gh-issue-solver-1777840360064/GodotTopDownTemplate.csproj]
/tmp/gh-issue-solver-1777840360064/Scripts/Projectiles/Bullet.cs(825,28): warning CS0162: Unreachable code detected [/tmp/gh-issue-solver-1777840360064/GodotTopDownTemplate.csproj]
/tmp/gh-issue-solver-1777840360064/Scripts/Projectiles/Bullet.cs(835,28): warning CS0162: Unreachable code detected [/tmp/gh-issue-solver-1777840360064/GodotTopDownTemplate.csproj]
/tmp/gh-issue-solver-1777840360064/Scripts/Projectiles/Bullet.cs(850,36): warning CS0162: Unreachable code detected [/tmp/gh-issue-solver-1777840360064/GodotTopDownTemplate.csproj]
/tmp/gh-issue-solver-1777840360064/Scripts/Projectiles/Bullet.cs(864,32): warning CS0162: Unreachable code detected [/tmp/gh-issue-solver-1777840360064/GodotTopDownTemplate.csproj]
/tmp/gh-issue-solver-1777840360064/Scripts/Projectiles/Bullet.cs(888,28): warning CS0162: Unreachable code detected [/tmp/gh-issue-solver-1777840360064/GodotTopDownTemplate.csproj]
/tmp/gh-issue-solver-1777840360064/Scripts/Projectiles/Bullet.cs(895,28): warning CS0162: Unreachable code detected [/tmp/gh-issue-solver-1777840360064/GodotTopDownTemplate.csproj]
/tmp/gh-issue-solver-1777840360064/Scripts/Projectiles/Bullet.cs(904,28): warning CS0162: Unreachable code detected [/tmp/gh-issue-solver-1777840360064/GodotTopDownTemplate.csproj]
/tmp/gh-issue-solver-1777840360064/Scripts/Projectiles/Bullet.cs(911,28): warning CS0162: Unreachable code detected [/tmp/gh-issue-solver-1777840360064/GodotTopDownTemplate.csproj]
/tmp/gh-issue-solver-1777840360064/Scripts/Projectiles/Bullet.cs(918,28): warning CS0162: Unreachable code detected [/tmp/gh-issue-solver-1777840360064/GodotTopDownTemplate.csproj]
/tmp/gh-issue-solver-1777840360064/Scripts/Projectiles/Bullet.cs(928,28): warning CS0162: Unreachable code detected [/tmp/gh-issue-solver-1777840360064/GodotTopDownTemplate.csproj]
/tmp/gh-issue-solver-1777840360064/Scripts/Projectiles/Bullet.cs(950,28): warning CS0162: Unreachable code detected [/tmp/gh-issue-solver-1777840360064/GodotTopDownTemplate.csproj]
/tmp/gh-issue-solver-1777840360064/Scripts/Projectiles/Bullet.cs(1012,28): warning CS0162: Unreachable code detected [/tmp/gh-issue-solver-1777840360064/GodotTopDownTemplate.csproj]
/tmp/gh-issue-solver-1777840360064/Scripts/Projectiles/Bullet.cs(1032,28): warning CS0162: Unreachable code detected [/tmp/gh-issue-solver-1777840360064/GodotTopDownTemplate.csproj]
/tmp/gh-issue-solver-1777840360064/Scripts/Projectiles/Bullet.cs(1040,28): warning CS0162: Unreachable code detected [/tmp/gh-issue-solver-1777840360064/GodotTopDownTemplate.csproj]
/tmp/gh-issue-solver-1777840360064/Scripts/Projectiles/Bullet.cs(1048,32): warning CS0162: Unreachable code detected [/tmp/gh-issue-solver-1777840360064/GodotTopDownTemplate.csproj]
/tmp/gh-issue-solver-1777840360064/Scripts/Projectiles/Bullet.cs(1073,17): warning CS0162: Unreachable code detected [/tmp/gh-issue-solver-1777840360064/GodotTopDownTemplate.csproj]
/tmp/gh-issue-solver-1777840360064/Scripts/Projectiles/Bullet.cs(1084,17): warning CS0162: Unreachable code detected [/tmp/gh-issue-solver-1777840360064/GodotTopDownTemplate.csproj]
/tmp/gh-issue-solver-1777840360064/Scripts/Projectiles/Bullet.cs(1097,13): warning CS0162: Unreachable code detected [/tmp/gh-issue-solver-1777840360064/GodotTopDownTemplate.csproj]
/tmp/gh-issue-solver-1777840360064/Scripts/Projectiles/Bullet.cs(1105,13): warning CS0162: Unreachable code detected [/tmp/gh-issue-solver-1777840360064/GodotTopDownTemplate.csproj]
/tmp/gh-issue-solver-1777840360064/Scripts/Projectiles/Bullet.cs(1113,17): warning CS0162: Unreachable code detected [/tmp/gh-issue-solver-1777840360064/GodotTopDownTemplate.csproj]
/tmp/gh-issue-solver-1777840360064/Scripts/Projectiles/Bullet.cs(1273,13): warning CS0162: Unreachable code detected [/tmp/gh-issue-solver-1777840360064/GodotTopDownTemplate.csproj]
/tmp/gh-issue-solver-1777840360064/Scripts/Projectiles/Bullet.cs(1333,9): warning CS0162: Unreachable code detected [/tmp/gh-issue-solver-1777840360064/GodotTopDownTemplate.csproj]
/tmp/gh-issue-solver-1777840360064/Scripts/Projectiles/Bullet.cs(1458,13): warning CS0162: Unreachable code detected [/tmp/gh-issue-solver-1777840360064/GodotTopDownTemplate.csproj]
/tmp/gh-issue-solver-1777840360064/Scripts/Projectiles/Bullet.cs(1582,93): warning CS8625: Cannot convert null literal to non-nullable reference type. [/tmp/gh-issue-solver-1777840360064/GodotTopDownTemplate.csproj]
/tmp/gh-issue-solver-1777840360064/Scripts/Projectiles/Bullet.cs(1601,109): warning CS8625: Cannot convert null literal to non-nullable reference type. [/tmp/gh-issue-solver-1777840360064/GodotTopDownTemplate.csproj]
/tmp/gh-issue-solver-1777840360064/Scripts/Projectiles/Bullet.cs(1685,13): warning CS0162: Unreachable code detected [/tmp/gh-issue-solver-1777840360064/GodotTopDownTemplate.csproj]
/tmp/gh-issue-solver-1777840360064/Scripts/Projectiles/Bullet.cs(1705,13): warning CS0162: Unreachable code detected [/tmp/gh-issue-solver-1777840360064/GodotTopDownTemplate.csproj]
/tmp/gh-issue-solver-1777840360064/Scripts/Projectiles/Bullet.cs(1726,13): warning CS0162: Unreachable code detected [/tmp/gh-issue-solver-1777840360064/GodotTopDownTemplate.csproj]
/tmp/gh-issue-solver-1777840360064/Scripts/Projectiles/Bullet.cs(1769,17): warning CS0162: Unreachable code detected [/tmp/gh-issue-solver-1777840360064/GodotTopDownTemplate.csproj]
/tmp/gh-issue-solver-1777840360064/Scripts/Projectiles/Bullet.cs(1780,13): warning CS0162: Unreachable code detected [/tmp/gh-issue-solver-1777840360064/GodotTopDownTemplate.csproj]
/tmp/gh-issue-solver-1777840360064/Scripts/Projectiles/Bullet.cs(1832,21): warning CS0162: Unreachable code detected [/tmp/gh-issue-solver-1777840360064/GodotTopDownTemplate.csproj]
/tmp/gh-issue-solver-1777840360064/Scripts/Projectiles/Bullet.cs(1901,21): warning CS0162: Unreachable code detected [/tmp/gh-issue-solver-1777840360064/GodotTopDownTemplate.csproj]
/tmp/gh-issue-solver-1777840360064/Scripts/Weapons/Revolver.cs(1260,75): warning CS8604: Possible null reference argument for parameter 'from' in 'Variant.implicit operator Variant(GodotObject from)'. [/tmp/gh-issue-solver-1777840360064/GodotTopDownTemplate.csproj]
/tmp/gh-issue-solver-1777840360064/Scripts/Characters/Player.cs(1712,31): warning CS8602: Dereference of a possibly null reference. [/tmp/gh-issue-solver-1777840360064/GodotTopDownTemplate.csproj]
/tmp/gh-issue-solver-1777840360064/Scripts/Characters/Player.cs(1736,58): warning CS8602: Dereference of a possibly null reference. [/tmp/gh-issue-solver-1777840360064/GodotTopDownTemplate.csproj]
/tmp/gh-issue-solver-1777840360064/Scripts/Characters/Player.cs(1752,38): warning CS8602: Dereference of a possibly null reference. [/tmp/gh-issue-solver-1777840360064/GodotTopDownTemplate.csproj]
/tmp/gh-issue-solver-1777840360064/Scripts/Characters/Player.cs(1773,21): warning CS8602: Dereference of a possibly null reference. [/tmp/gh-issue-solver-1777840360064/GodotTopDownTemplate.csproj]
/tmp/gh-issue-solver-1777840360064/Scripts/Characters/Player.cs(2856,89): warning CS8604: Possible null reference argument for parameter 'from' in 'Variant.implicit operator Variant(GodotObject from)'. [/tmp/gh-issue-solver-1777840360064/GodotTopDownTemplate.csproj]
/tmp/gh-issue-solver-1777840360064/Scripts/Characters/Player.ActiveItems.cs(1551,49): warning CS8625: Cannot convert null literal to non-nullable reference type. [/tmp/gh-issue-solver-1777840360064/GodotTopDownTemplate.csproj]
/tmp/gh-issue-solver-1777840360064/Scripts/Characters/Player.ActiveItems.cs(4541,33): warning CS8625: Cannot convert null literal to non-nullable reference type. [/tmp/gh-issue-solver-1777840360064/GodotTopDownTemplate.csproj]
/tmp/gh-issue-solver-1777840360064/Scripts/Characters/Player.cs(926,52): warning CS8625: Cannot convert null literal to non-nullable reference type. [/tmp/gh-issue-solver-1777840360064/GodotTopDownTemplate.csproj]
    94 Warning(s)
    0 Error(s)

Time Elapsed 00:00:06.71
