MSBuild version 17.8.49+7806cbf7b for .NET
  Determining projects to restore...
  All projects are up-to-date for restore.
/tmp/gh-issue-solver-1776374090226/Scripts/Weapons/Shotgun.cs(1356,17): warning CS0114: 'Shotgun.StartReload()' hides inherited member 'BaseWeapon.StartReload()'. To make the current member override that implementation, add the override keyword. Otherwise add the new keyword. [/tmp/gh-issue-solver-1776374090226/GodotTopDownTemplate.csproj]
/tmp/gh-issue-solver-1776374090226/Scripts/Projectiles/GrenadeTimer.cs(379,49): warning CS0618: 'TileMap' is obsolete: 'Use multiple 'TileMapLayer' nodes instead. To convert a TileMap to a set of TileMapLayer nodes, open the TileMap bottom panel with the node selected, click the toolbox icon in the top-right corner and choose 'Extract TileMap layers as individual TileMapLayer nodes'.' [/tmp/gh-issue-solver-1776374090226/GodotTopDownTemplate.csproj]
/tmp/gh-issue-solver-1776374090226/Scripts/AbstractClasses/BaseWeapon.cs(519,90): warning CS8625: Cannot convert null literal to non-nullable reference type. [/tmp/gh-issue-solver-1776374090226/GodotTopDownTemplate.csproj]
/tmp/gh-issue-solver-1776374090226/Scripts/Projectiles/GrenadeTimer.cs(645,67): warning CS8625: Cannot convert null literal to non-nullable reference type. [/tmp/gh-issue-solver-1776374090226/GodotTopDownTemplate.csproj]
/tmp/gh-issue-solver-1776374090226/Scripts/Projectiles/GrenadeTimer.cs(691,69): warning CS8604: Possible null reference argument for parameter 'from' in 'Variant.implicit operator Variant(GodotObject from)'. [/tmp/gh-issue-solver-1776374090226/GodotTopDownTemplate.csproj]
/tmp/gh-issue-solver-1776374090226/Scripts/Projectiles/GrenadeTimer.cs(714,73): warning CS8604: Possible null reference argument for parameter 'from' in 'Variant.implicit operator Variant(GodotObject from)'. [/tmp/gh-issue-solver-1776374090226/GodotTopDownTemplate.csproj]
/tmp/gh-issue-solver-1776374090226/Scripts/AbstractClasses/BaseWeapon.cs(702,75): warning CS8604: Possible null reference argument for parameter 'from' in 'Variant.implicit operator Variant(GodotObject from)'. [/tmp/gh-issue-solver-1776374090226/GodotTopDownTemplate.csproj]
/tmp/gh-issue-solver-1776374090226/Scripts/AbstractClasses/BaseWeapon.cs(725,13): warning CS0162: Unreachable code detected [/tmp/gh-issue-solver-1776374090226/GodotTopDownTemplate.csproj]
/tmp/gh-issue-solver-1776374090226/Scripts/Weapons/SniperRifle.cs(935,63): warning CS0618: 'TileMap' is obsolete: 'Use multiple 'TileMapLayer' nodes instead. To convert a TileMap to a set of TileMapLayer nodes, open the TileMap bottom panel with the node selected, click the toolbox icon in the top-right corner and choose 'Extract TileMap layers as individual TileMapLayer nodes'.' [/tmp/gh-issue-solver-1776374090226/GodotTopDownTemplate.csproj]
/tmp/gh-issue-solver-1776374090226/Scripts/Weapons/SniperRifle.cs(1025,63): warning CS0618: 'TileMap' is obsolete: 'Use multiple 'TileMapLayer' nodes instead. To convert a TileMap to a set of TileMapLayer nodes, open the TileMap bottom panel with the node selected, click the toolbox icon in the top-right corner and choose 'Extract TileMap layers as individual TileMapLayer nodes'.' [/tmp/gh-issue-solver-1776374090226/GodotTopDownTemplate.csproj]
/tmp/gh-issue-solver-1776374090226/Scripts/Weapons/SniperRifle.cs(1235,63): warning CS0618: 'TileMap' is obsolete: 'Use multiple 'TileMapLayer' nodes instead. To convert a TileMap to a set of TileMapLayer nodes, open the TileMap bottom panel with the node selected, click the toolbox icon in the top-right corner and choose 'Extract TileMap layers as individual TileMapLayer nodes'.' [/tmp/gh-issue-solver-1776374090226/GodotTopDownTemplate.csproj]
/tmp/gh-issue-solver-1776374090226/Scripts/Weapons/SniperRifle.cs(1423,63): warning CS0618: 'TileMap' is obsolete: 'Use multiple 'TileMapLayer' nodes instead. To convert a TileMap to a set of TileMapLayer nodes, open the TileMap bottom panel with the node selected, click the toolbox icon in the top-right corner and choose 'Extract TileMap layers as individual TileMapLayer nodes'.' [/tmp/gh-issue-solver-1776374090226/GodotTopDownTemplate.csproj]
/tmp/gh-issue-solver-1776374090226/Scripts/Components/LevelInitFallback.cs(1020,34): warning CS8604: Possible null reference argument for parameter 'from' in 'Variant.implicit operator Variant(GodotObject from)'. [/tmp/gh-issue-solver-1776374090226/GodotTopDownTemplate.csproj]
/tmp/gh-issue-solver-1776374090226/Scripts/Components/LevelInitFallback.cs(1021,45): warning CS8604: Possible null reference argument for parameter 'from' in 'Variant.implicit operator Variant(GodotObject from)'. [/tmp/gh-issue-solver-1776374090226/GodotTopDownTemplate.csproj]
/tmp/gh-issue-solver-1776374090226/Scripts/Components/LevelInitFallback.cs(1022,38): warning CS8604: Possible null reference argument for parameter 'from' in 'Variant.implicit operator Variant(GodotObject from)'. [/tmp/gh-issue-solver-1776374090226/GodotTopDownTemplate.csproj]
/tmp/gh-issue-solver-1776374090226/Scripts/Weapons/SniperRifle.cs(1754,93): warning CS8625: Cannot convert null literal to non-nullable reference type. [/tmp/gh-issue-solver-1776374090226/GodotTopDownTemplate.csproj]
/tmp/gh-issue-solver-1776374090226/Scripts/Components/LevelInitFallback.cs(1828,21): warning CS0618: 'Image.Create(int, int, bool, Image.Format)' is obsolete: 'Use 'Godot.Image.CreateEmpty(int, int, bool, Image.Format)'.' [/tmp/gh-issue-solver-1776374090226/GodotTopDownTemplate.csproj]
/tmp/gh-issue-solver-1776374090226/Scripts/Components/LevelInitFallback.cs(1854,21): warning CS0618: 'Image.Create(int, int, bool, Image.Format)' is obsolete: 'Use 'Godot.Image.CreateEmpty(int, int, bool, Image.Format)'.' [/tmp/gh-issue-solver-1776374090226/GodotTopDownTemplate.csproj]
/tmp/gh-issue-solver-1776374090226/Scripts/Characters/Player.ActiveItems.cs(3493,33): warning CS8625: Cannot convert null literal to non-nullable reference type. [/tmp/gh-issue-solver-1776374090226/GodotTopDownTemplate.csproj]
/tmp/gh-issue-solver-1776374090226/Scripts/Characters/Player.ActiveItems.cs(3505,36): warning CS8625: Cannot convert null literal to non-nullable reference type. [/tmp/gh-issue-solver-1776374090226/GodotTopDownTemplate.csproj]
/tmp/gh-issue-solver-1776374090226/Scripts/Projectiles/SniperBullet.cs(222,45): warning CS0618: 'TileMap' is obsolete: 'Use multiple 'TileMapLayer' nodes instead. To convert a TileMap to a set of TileMapLayer nodes, open the TileMap bottom panel with the node selected, click the toolbox icon in the top-right corner and choose 'Extract TileMap layers as individual TileMapLayer nodes'.' [/tmp/gh-issue-solver-1776374090226/GodotTopDownTemplate.csproj]
/tmp/gh-issue-solver-1776374090226/Scripts/Projectiles/SniperBullet.cs(300,72): warning CS8625: Cannot convert null literal to non-nullable reference type. [/tmp/gh-issue-solver-1776374090226/GodotTopDownTemplate.csproj]
/tmp/gh-issue-solver-1776374090226/Scripts/Projectiles/SniperBullet.cs(408,99): warning CS8625: Cannot convert null literal to non-nullable reference type. [/tmp/gh-issue-solver-1776374090226/GodotTopDownTemplate.csproj]
/tmp/gh-issue-solver-1776374090226/Scripts/Projectiles/ShotgunPellet.cs(291,21): warning CS0162: Unreachable code detected [/tmp/gh-issue-solver-1776374090226/GodotTopDownTemplate.csproj]
/tmp/gh-issue-solver-1776374090226/Scripts/Projectiles/ShotgunPellet.cs(357,13): warning CS0162: Unreachable code detected [/tmp/gh-issue-solver-1776374090226/GodotTopDownTemplate.csproj]
/tmp/gh-issue-solver-1776374090226/Scripts/Projectiles/ShotgunPellet.cs(377,13): warning CS0162: Unreachable code detected [/tmp/gh-issue-solver-1776374090226/GodotTopDownTemplate.csproj]
/tmp/gh-issue-solver-1776374090226/Scripts/Projectiles/ShotgunPellet.cs(420,17): warning CS0162: Unreachable code detected [/tmp/gh-issue-solver-1776374090226/GodotTopDownTemplate.csproj]
/tmp/gh-issue-solver-1776374090226/Scripts/Projectiles/ShotgunPellet.cs(431,13): warning CS0162: Unreachable code detected [/tmp/gh-issue-solver-1776374090226/GodotTopDownTemplate.csproj]
/tmp/gh-issue-solver-1776374090226/Scripts/Projectiles/ShotgunPellet.cs(483,21): warning CS0162: Unreachable code detected [/tmp/gh-issue-solver-1776374090226/GodotTopDownTemplate.csproj]
/tmp/gh-issue-solver-1776374090226/Scripts/Projectiles/ShotgunPellet.cs(550,21): warning CS0162: Unreachable code detected [/tmp/gh-issue-solver-1776374090226/GodotTopDownTemplate.csproj]
/tmp/gh-issue-solver-1776374090226/Scripts/Projectiles/ShotgunPellet.cs(660,66): warning CS0618: 'TileMap' is obsolete: 'Use multiple 'TileMapLayer' nodes instead. To convert a TileMap to a set of TileMapLayer nodes, open the TileMap bottom panel with the node selected, click the toolbox icon in the top-right corner and choose 'Extract TileMap layers as individual TileMapLayer nodes'.' [/tmp/gh-issue-solver-1776374090226/GodotTopDownTemplate.csproj]
/tmp/gh-issue-solver-1776374090226/Scripts/Projectiles/ShotgunPellet.cs(667,45): warning CS0618: 'TileMap' is obsolete: 'Use multiple 'TileMapLayer' nodes instead. To convert a TileMap to a set of TileMapLayer nodes, open the TileMap bottom panel with the node selected, click the toolbox icon in the top-right corner and choose 'Extract TileMap layers as individual TileMapLayer nodes'.' [/tmp/gh-issue-solver-1776374090226/GodotTopDownTemplate.csproj]
/tmp/gh-issue-solver-1776374090226/Scripts/Projectiles/ShotgunPellet.cs(708,99): warning CS8625: Cannot convert null literal to non-nullable reference type. [/tmp/gh-issue-solver-1776374090226/GodotTopDownTemplate.csproj]
/tmp/gh-issue-solver-1776374090226/Scripts/Projectiles/ShotgunPellet.cs(772,72): warning CS8625: Cannot convert null literal to non-nullable reference type. [/tmp/gh-issue-solver-1776374090226/GodotTopDownTemplate.csproj]
/tmp/gh-issue-solver-1776374090226/Scripts/Projectiles/ShotgunPellet.cs(867,17): warning CS0162: Unreachable code detected [/tmp/gh-issue-solver-1776374090226/GodotTopDownTemplate.csproj]
/tmp/gh-issue-solver-1776374090226/Scripts/Projectiles/ShotgunPellet.cs(877,17): warning CS0162: Unreachable code detected [/tmp/gh-issue-solver-1776374090226/GodotTopDownTemplate.csproj]
/tmp/gh-issue-solver-1776374090226/Scripts/Projectiles/ShotgunPellet.cs(887,13): warning CS0162: Unreachable code detected [/tmp/gh-issue-solver-1776374090226/GodotTopDownTemplate.csproj]
/tmp/gh-issue-solver-1776374090226/Scripts/Projectiles/ShotgunPellet.cs(895,17): warning CS0162: Unreachable code detected [/tmp/gh-issue-solver-1776374090226/GodotTopDownTemplate.csproj]
/tmp/gh-issue-solver-1776374090226/Scripts/Projectiles/ShotgunPellet.cs(905,13): warning CS0162: Unreachable code detected [/tmp/gh-issue-solver-1776374090226/GodotTopDownTemplate.csproj]
/tmp/gh-issue-solver-1776374090226/Scripts/Projectiles/ShotgunPellet.cs(912,17): warning CS0162: Unreachable code detected [/tmp/gh-issue-solver-1776374090226/GodotTopDownTemplate.csproj]
/tmp/gh-issue-solver-1776374090226/Scripts/Projectiles/ShotgunPellet.cs(1018,13): warning CS0162: Unreachable code detected [/tmp/gh-issue-solver-1776374090226/GodotTopDownTemplate.csproj]
/tmp/gh-issue-solver-1776374090226/Scripts/Weapons/SilencedPistol.cs(823,94): warning CS8625: Cannot convert null literal to non-nullable reference type. [/tmp/gh-issue-solver-1776374090226/GodotTopDownTemplate.csproj]
/tmp/gh-issue-solver-1776374090226/Scripts/Characters/Player.cs(1679,31): warning CS8602: Dereference of a possibly null reference. [/tmp/gh-issue-solver-1776374090226/GodotTopDownTemplate.csproj]
/tmp/gh-issue-solver-1776374090226/Scripts/Characters/Player.cs(1703,58): warning CS8602: Dereference of a possibly null reference. [/tmp/gh-issue-solver-1776374090226/GodotTopDownTemplate.csproj]
/tmp/gh-issue-solver-1776374090226/Scripts/Characters/Player.cs(1719,38): warning CS8602: Dereference of a possibly null reference. [/tmp/gh-issue-solver-1776374090226/GodotTopDownTemplate.csproj]
/tmp/gh-issue-solver-1776374090226/Scripts/Characters/Player.cs(1740,21): warning CS8602: Dereference of a possibly null reference. [/tmp/gh-issue-solver-1776374090226/GodotTopDownTemplate.csproj]
/tmp/gh-issue-solver-1776374090226/Scripts/Projectiles/Bullet.cs(455,21): warning CS0162: Unreachable code detected [/tmp/gh-issue-solver-1776374090226/GodotTopDownTemplate.csproj]
/tmp/gh-issue-solver-1776374090226/Scripts/Projectiles/Bullet.cs(657,66): warning CS0618: 'TileMap' is obsolete: 'Use multiple 'TileMapLayer' nodes instead. To convert a TileMap to a set of TileMapLayer nodes, open the TileMap bottom panel with the node selected, click the toolbox icon in the top-right corner and choose 'Extract TileMap layers as individual TileMapLayer nodes'.' [/tmp/gh-issue-solver-1776374090226/GodotTopDownTemplate.csproj]
/tmp/gh-issue-solver-1776374090226/Scripts/Projectiles/Bullet.cs(663,45): warning CS0618: 'TileMap' is obsolete: 'Use multiple 'TileMapLayer' nodes instead. To convert a TileMap to a set of TileMapLayer nodes, open the TileMap bottom panel with the node selected, click the toolbox icon in the top-right corner and choose 'Extract TileMap layers as individual TileMapLayer nodes'.' [/tmp/gh-issue-solver-1776374090226/GodotTopDownTemplate.csproj]
/tmp/gh-issue-solver-1776374090226/Scripts/Projectiles/Bullet.cs(636,36): warning CS0162: Unreachable code detected [/tmp/gh-issue-solver-1776374090226/GodotTopDownTemplate.csproj]
/tmp/gh-issue-solver-1776374090226/Scripts/Projectiles/Bullet.cs(762,99): warning CS8625: Cannot convert null literal to non-nullable reference type. [/tmp/gh-issue-solver-1776374090226/GodotTopDownTemplate.csproj]
/tmp/gh-issue-solver-1776374090226/Scripts/Projectiles/Bullet.cs(877,72): warning CS8625: Cannot convert null literal to non-nullable reference type. [/tmp/gh-issue-solver-1776374090226/GodotTopDownTemplate.csproj]
/tmp/gh-issue-solver-1776374090226/Scripts/Projectiles/Bullet.cs(795,24): warning CS0162: Unreachable code detected [/tmp/gh-issue-solver-1776374090226/GodotTopDownTemplate.csproj]
/tmp/gh-issue-solver-1776374090226/Scripts/Projectiles/Bullet.cs(803,28): warning CS0162: Unreachable code detected [/tmp/gh-issue-solver-1776374090226/GodotTopDownTemplate.csproj]
/tmp/gh-issue-solver-1776374090226/Scripts/Projectiles/Bullet.cs(813,28): warning CS0162: Unreachable code detected [/tmp/gh-issue-solver-1776374090226/GodotTopDownTemplate.csproj]
/tmp/gh-issue-solver-1776374090226/Scripts/Projectiles/Bullet.cs(823,28): warning CS0162: Unreachable code detected [/tmp/gh-issue-solver-1776374090226/GodotTopDownTemplate.csproj]
/tmp/gh-issue-solver-1776374090226/Scripts/Projectiles/Bullet.cs(838,36): warning CS0162: Unreachable code detected [/tmp/gh-issue-solver-1776374090226/GodotTopDownTemplate.csproj]
/tmp/gh-issue-solver-1776374090226/Scripts/Projectiles/Bullet.cs(852,32): warning CS0162: Unreachable code detected [/tmp/gh-issue-solver-1776374090226/GodotTopDownTemplate.csproj]
/tmp/gh-issue-solver-1776374090226/Scripts/Projectiles/Bullet.cs(876,28): warning CS0162: Unreachable code detected [/tmp/gh-issue-solver-1776374090226/GodotTopDownTemplate.csproj]
/tmp/gh-issue-solver-1776374090226/Scripts/Projectiles/Bullet.cs(883,28): warning CS0162: Unreachable code detected [/tmp/gh-issue-solver-1776374090226/GodotTopDownTemplate.csproj]
/tmp/gh-issue-solver-1776374090226/Scripts/Projectiles/Bullet.cs(892,28): warning CS0162: Unreachable code detected [/tmp/gh-issue-solver-1776374090226/GodotTopDownTemplate.csproj]
/tmp/gh-issue-solver-1776374090226/Scripts/Projectiles/Bullet.cs(899,28): warning CS0162: Unreachable code detected [/tmp/gh-issue-solver-1776374090226/GodotTopDownTemplate.csproj]
/tmp/gh-issue-solver-1776374090226/Scripts/Projectiles/Bullet.cs(906,28): warning CS0162: Unreachable code detected [/tmp/gh-issue-solver-1776374090226/GodotTopDownTemplate.csproj]
/tmp/gh-issue-solver-1776374090226/Scripts/Projectiles/Bullet.cs(916,28): warning CS0162: Unreachable code detected [/tmp/gh-issue-solver-1776374090226/GodotTopDownTemplate.csproj]
/tmp/gh-issue-solver-1776374090226/Scripts/Projectiles/Bullet.cs(938,28): warning CS0162: Unreachable code detected [/tmp/gh-issue-solver-1776374090226/GodotTopDownTemplate.csproj]
/tmp/gh-issue-solver-1776374090226/Scripts/Projectiles/Bullet.cs(1000,28): warning CS0162: Unreachable code detected [/tmp/gh-issue-solver-1776374090226/GodotTopDownTemplate.csproj]
/tmp/gh-issue-solver-1776374090226/Scripts/Projectiles/Bullet.cs(1020,28): warning CS0162: Unreachable code detected [/tmp/gh-issue-solver-1776374090226/GodotTopDownTemplate.csproj]
/tmp/gh-issue-solver-1776374090226/Scripts/Projectiles/Bullet.cs(1028,28): warning CS0162: Unreachable code detected [/tmp/gh-issue-solver-1776374090226/GodotTopDownTemplate.csproj]
/tmp/gh-issue-solver-1776374090226/Scripts/Projectiles/Bullet.cs(1036,32): warning CS0162: Unreachable code detected [/tmp/gh-issue-solver-1776374090226/GodotTopDownTemplate.csproj]
/tmp/gh-issue-solver-1776374090226/Scripts/Projectiles/Bullet.cs(1061,17): warning CS0162: Unreachable code detected [/tmp/gh-issue-solver-1776374090226/GodotTopDownTemplate.csproj]
/tmp/gh-issue-solver-1776374090226/Scripts/Projectiles/Bullet.cs(1072,17): warning CS0162: Unreachable code detected [/tmp/gh-issue-solver-1776374090226/GodotTopDownTemplate.csproj]
/tmp/gh-issue-solver-1776374090226/Scripts/Projectiles/Bullet.cs(1085,13): warning CS0162: Unreachable code detected [/tmp/gh-issue-solver-1776374090226/GodotTopDownTemplate.csproj]
/tmp/gh-issue-solver-1776374090226/Scripts/Projectiles/Bullet.cs(1093,13): warning CS0162: Unreachable code detected [/tmp/gh-issue-solver-1776374090226/GodotTopDownTemplate.csproj]
/tmp/gh-issue-solver-1776374090226/Scripts/Projectiles/Bullet.cs(1101,17): warning CS0162: Unreachable code detected [/tmp/gh-issue-solver-1776374090226/GodotTopDownTemplate.csproj]
/tmp/gh-issue-solver-1776374090226/Scripts/Projectiles/Bullet.cs(1261,13): warning CS0162: Unreachable code detected [/tmp/gh-issue-solver-1776374090226/GodotTopDownTemplate.csproj]
/tmp/gh-issue-solver-1776374090226/Scripts/Projectiles/Bullet.cs(1321,9): warning CS0162: Unreachable code detected [/tmp/gh-issue-solver-1776374090226/GodotTopDownTemplate.csproj]
/tmp/gh-issue-solver-1776374090226/Scripts/Projectiles/Bullet.cs(1446,13): warning CS0162: Unreachable code detected [/tmp/gh-issue-solver-1776374090226/GodotTopDownTemplate.csproj]
/tmp/gh-issue-solver-1776374090226/Scripts/Characters/Player.cs(2730,89): warning CS8604: Possible null reference argument for parameter 'from' in 'Variant.implicit operator Variant(GodotObject from)'. [/tmp/gh-issue-solver-1776374090226/GodotTopDownTemplate.csproj]
/tmp/gh-issue-solver-1776374090226/Scripts/Projectiles/Bullet.cs(1570,93): warning CS8625: Cannot convert null literal to non-nullable reference type. [/tmp/gh-issue-solver-1776374090226/GodotTopDownTemplate.csproj]
/tmp/gh-issue-solver-1776374090226/Scripts/Projectiles/Bullet.cs(1589,109): warning CS8625: Cannot convert null literal to non-nullable reference type. [/tmp/gh-issue-solver-1776374090226/GodotTopDownTemplate.csproj]
/tmp/gh-issue-solver-1776374090226/Scripts/Projectiles/Bullet.cs(1673,13): warning CS0162: Unreachable code detected [/tmp/gh-issue-solver-1776374090226/GodotTopDownTemplate.csproj]
/tmp/gh-issue-solver-1776374090226/Scripts/Projectiles/Bullet.cs(1693,13): warning CS0162: Unreachable code detected [/tmp/gh-issue-solver-1776374090226/GodotTopDownTemplate.csproj]
/tmp/gh-issue-solver-1776374090226/Scripts/Projectiles/Bullet.cs(1714,13): warning CS0162: Unreachable code detected [/tmp/gh-issue-solver-1776374090226/GodotTopDownTemplate.csproj]
/tmp/gh-issue-solver-1776374090226/Scripts/Projectiles/Bullet.cs(1757,17): warning CS0162: Unreachable code detected [/tmp/gh-issue-solver-1776374090226/GodotTopDownTemplate.csproj]
/tmp/gh-issue-solver-1776374090226/Scripts/Projectiles/Bullet.cs(1768,13): warning CS0162: Unreachable code detected [/tmp/gh-issue-solver-1776374090226/GodotTopDownTemplate.csproj]
/tmp/gh-issue-solver-1776374090226/Scripts/Projectiles/Bullet.cs(1820,21): warning CS0162: Unreachable code detected [/tmp/gh-issue-solver-1776374090226/GodotTopDownTemplate.csproj]
/tmp/gh-issue-solver-1776374090226/Scripts/Projectiles/Bullet.cs(1889,21): warning CS0162: Unreachable code detected [/tmp/gh-issue-solver-1776374090226/GodotTopDownTemplate.csproj]
/tmp/gh-issue-solver-1776374090226/Scripts/Projectiles/BreakerDetonation.cs(131,53): warning CS0618: 'TileMap' is obsolete: 'Use multiple 'TileMapLayer' nodes instead. To convert a TileMap to a set of TileMapLayer nodes, open the TileMap bottom panel with the node selected, click the toolbox icon in the top-right corner and choose 'Extract TileMap layers as individual TileMapLayer nodes'.' [/tmp/gh-issue-solver-1776374090226/GodotTopDownTemplate.csproj]
/tmp/gh-issue-solver-1776374090226/Scripts/Projectiles/BreakerDetonation.cs(247,36): warning CS8625: Cannot convert null literal to non-nullable reference type. [/tmp/gh-issue-solver-1776374090226/GodotTopDownTemplate.csproj]
/tmp/gh-issue-solver-1776374090226/Scripts/Projectiles/BreakerDetonation.cs(255,78): warning CS8625: Cannot convert null literal to non-nullable reference type. [/tmp/gh-issue-solver-1776374090226/GodotTopDownTemplate.csproj]
/tmp/gh-issue-solver-1776374090226/Scripts/Weapons/Revolver.cs(1239,75): warning CS8604: Possible null reference argument for parameter 'from' in 'Variant.implicit operator Variant(GodotObject from)'. [/tmp/gh-issue-solver-1776374090226/GodotTopDownTemplate.csproj]
/tmp/gh-issue-solver-1776374090226/Scripts/Characters/Player.ActiveItems.cs(1543,49): warning CS8625: Cannot convert null literal to non-nullable reference type. [/tmp/gh-issue-solver-1776374090226/GodotTopDownTemplate.csproj]
/tmp/gh-issue-solver-1776374090226/Scripts/Characters/Player.ActiveItems.cs(4433,33): warning CS8625: Cannot convert null literal to non-nullable reference type. [/tmp/gh-issue-solver-1776374090226/GodotTopDownTemplate.csproj]
/tmp/gh-issue-solver-1776374090226/Scripts/Characters/Player.cs(914,52): warning CS8625: Cannot convert null literal to non-nullable reference type. [/tmp/gh-issue-solver-1776374090226/GodotTopDownTemplate.csproj]
  GodotTopDownTemplate -> /tmp/gh-issue-solver-1776374090226/.godot/mono/temp/bin/Debug/GodotTopDownTemplate.dll

Build succeeded.

/tmp/gh-issue-solver-1776374090226/Scripts/Weapons/Shotgun.cs(1356,17): warning CS0114: 'Shotgun.StartReload()' hides inherited member 'BaseWeapon.StartReload()'. To make the current member override that implementation, add the override keyword. Otherwise add the new keyword. [/tmp/gh-issue-solver-1776374090226/GodotTopDownTemplate.csproj]
/tmp/gh-issue-solver-1776374090226/Scripts/Projectiles/GrenadeTimer.cs(379,49): warning CS0618: 'TileMap' is obsolete: 'Use multiple 'TileMapLayer' nodes instead. To convert a TileMap to a set of TileMapLayer nodes, open the TileMap bottom panel with the node selected, click the toolbox icon in the top-right corner and choose 'Extract TileMap layers as individual TileMapLayer nodes'.' [/tmp/gh-issue-solver-1776374090226/GodotTopDownTemplate.csproj]
/tmp/gh-issue-solver-1776374090226/Scripts/AbstractClasses/BaseWeapon.cs(519,90): warning CS8625: Cannot convert null literal to non-nullable reference type. [/tmp/gh-issue-solver-1776374090226/GodotTopDownTemplate.csproj]
/tmp/gh-issue-solver-1776374090226/Scripts/Projectiles/GrenadeTimer.cs(645,67): warning CS8625: Cannot convert null literal to non-nullable reference type. [/tmp/gh-issue-solver-1776374090226/GodotTopDownTemplate.csproj]
/tmp/gh-issue-solver-1776374090226/Scripts/Projectiles/GrenadeTimer.cs(691,69): warning CS8604: Possible null reference argument for parameter 'from' in 'Variant.implicit operator Variant(GodotObject from)'. [/tmp/gh-issue-solver-1776374090226/GodotTopDownTemplate.csproj]
/tmp/gh-issue-solver-1776374090226/Scripts/Projectiles/GrenadeTimer.cs(714,73): warning CS8604: Possible null reference argument for parameter 'from' in 'Variant.implicit operator Variant(GodotObject from)'. [/tmp/gh-issue-solver-1776374090226/GodotTopDownTemplate.csproj]
/tmp/gh-issue-solver-1776374090226/Scripts/AbstractClasses/BaseWeapon.cs(702,75): warning CS8604: Possible null reference argument for parameter 'from' in 'Variant.implicit operator Variant(GodotObject from)'. [/tmp/gh-issue-solver-1776374090226/GodotTopDownTemplate.csproj]
/tmp/gh-issue-solver-1776374090226/Scripts/AbstractClasses/BaseWeapon.cs(725,13): warning CS0162: Unreachable code detected [/tmp/gh-issue-solver-1776374090226/GodotTopDownTemplate.csproj]
/tmp/gh-issue-solver-1776374090226/Scripts/Weapons/SniperRifle.cs(935,63): warning CS0618: 'TileMap' is obsolete: 'Use multiple 'TileMapLayer' nodes instead. To convert a TileMap to a set of TileMapLayer nodes, open the TileMap bottom panel with the node selected, click the toolbox icon in the top-right corner and choose 'Extract TileMap layers as individual TileMapLayer nodes'.' [/tmp/gh-issue-solver-1776374090226/GodotTopDownTemplate.csproj]
/tmp/gh-issue-solver-1776374090226/Scripts/Weapons/SniperRifle.cs(1025,63): warning CS0618: 'TileMap' is obsolete: 'Use multiple 'TileMapLayer' nodes instead. To convert a TileMap to a set of TileMapLayer nodes, open the TileMap bottom panel with the node selected, click the toolbox icon in the top-right corner and choose 'Extract TileMap layers as individual TileMapLayer nodes'.' [/tmp/gh-issue-solver-1776374090226/GodotTopDownTemplate.csproj]
/tmp/gh-issue-solver-1776374090226/Scripts/Weapons/SniperRifle.cs(1235,63): warning CS0618: 'TileMap' is obsolete: 'Use multiple 'TileMapLayer' nodes instead. To convert a TileMap to a set of TileMapLayer nodes, open the TileMap bottom panel with the node selected, click the toolbox icon in the top-right corner and choose 'Extract TileMap layers as individual TileMapLayer nodes'.' [/tmp/gh-issue-solver-1776374090226/GodotTopDownTemplate.csproj]
/tmp/gh-issue-solver-1776374090226/Scripts/Weapons/SniperRifle.cs(1423,63): warning CS0618: 'TileMap' is obsolete: 'Use multiple 'TileMapLayer' nodes instead. To convert a TileMap to a set of TileMapLayer nodes, open the TileMap bottom panel with the node selected, click the toolbox icon in the top-right corner and choose 'Extract TileMap layers as individual TileMapLayer nodes'.' [/tmp/gh-issue-solver-1776374090226/GodotTopDownTemplate.csproj]
/tmp/gh-issue-solver-1776374090226/Scripts/Components/LevelInitFallback.cs(1020,34): warning CS8604: Possible null reference argument for parameter 'from' in 'Variant.implicit operator Variant(GodotObject from)'. [/tmp/gh-issue-solver-1776374090226/GodotTopDownTemplate.csproj]
/tmp/gh-issue-solver-1776374090226/Scripts/Components/LevelInitFallback.cs(1021,45): warning CS8604: Possible null reference argument for parameter 'from' in 'Variant.implicit operator Variant(GodotObject from)'. [/tmp/gh-issue-solver-1776374090226/GodotTopDownTemplate.csproj]
/tmp/gh-issue-solver-1776374090226/Scripts/Components/LevelInitFallback.cs(1022,38): warning CS8604: Possible null reference argument for parameter 'from' in 'Variant.implicit operator Variant(GodotObject from)'. [/tmp/gh-issue-solver-1776374090226/GodotTopDownTemplate.csproj]
/tmp/gh-issue-solver-1776374090226/Scripts/Weapons/SniperRifle.cs(1754,93): warning CS8625: Cannot convert null literal to non-nullable reference type. [/tmp/gh-issue-solver-1776374090226/GodotTopDownTemplate.csproj]
/tmp/gh-issue-solver-1776374090226/Scripts/Components/LevelInitFallback.cs(1828,21): warning CS0618: 'Image.Create(int, int, bool, Image.Format)' is obsolete: 'Use 'Godot.Image.CreateEmpty(int, int, bool, Image.Format)'.' [/tmp/gh-issue-solver-1776374090226/GodotTopDownTemplate.csproj]
/tmp/gh-issue-solver-1776374090226/Scripts/Components/LevelInitFallback.cs(1854,21): warning CS0618: 'Image.Create(int, int, bool, Image.Format)' is obsolete: 'Use 'Godot.Image.CreateEmpty(int, int, bool, Image.Format)'.' [/tmp/gh-issue-solver-1776374090226/GodotTopDownTemplate.csproj]
/tmp/gh-issue-solver-1776374090226/Scripts/Characters/Player.ActiveItems.cs(3493,33): warning CS8625: Cannot convert null literal to non-nullable reference type. [/tmp/gh-issue-solver-1776374090226/GodotTopDownTemplate.csproj]
/tmp/gh-issue-solver-1776374090226/Scripts/Characters/Player.ActiveItems.cs(3505,36): warning CS8625: Cannot convert null literal to non-nullable reference type. [/tmp/gh-issue-solver-1776374090226/GodotTopDownTemplate.csproj]
/tmp/gh-issue-solver-1776374090226/Scripts/Projectiles/SniperBullet.cs(222,45): warning CS0618: 'TileMap' is obsolete: 'Use multiple 'TileMapLayer' nodes instead. To convert a TileMap to a set of TileMapLayer nodes, open the TileMap bottom panel with the node selected, click the toolbox icon in the top-right corner and choose 'Extract TileMap layers as individual TileMapLayer nodes'.' [/tmp/gh-issue-solver-1776374090226/GodotTopDownTemplate.csproj]
/tmp/gh-issue-solver-1776374090226/Scripts/Projectiles/SniperBullet.cs(300,72): warning CS8625: Cannot convert null literal to non-nullable reference type. [/tmp/gh-issue-solver-1776374090226/GodotTopDownTemplate.csproj]
/tmp/gh-issue-solver-1776374090226/Scripts/Projectiles/SniperBullet.cs(408,99): warning CS8625: Cannot convert null literal to non-nullable reference type. [/tmp/gh-issue-solver-1776374090226/GodotTopDownTemplate.csproj]
/tmp/gh-issue-solver-1776374090226/Scripts/Projectiles/ShotgunPellet.cs(291,21): warning CS0162: Unreachable code detected [/tmp/gh-issue-solver-1776374090226/GodotTopDownTemplate.csproj]
/tmp/gh-issue-solver-1776374090226/Scripts/Projectiles/ShotgunPellet.cs(357,13): warning CS0162: Unreachable code detected [/tmp/gh-issue-solver-1776374090226/GodotTopDownTemplate.csproj]
/tmp/gh-issue-solver-1776374090226/Scripts/Projectiles/ShotgunPellet.cs(377,13): warning CS0162: Unreachable code detected [/tmp/gh-issue-solver-1776374090226/GodotTopDownTemplate.csproj]
/tmp/gh-issue-solver-1776374090226/Scripts/Projectiles/ShotgunPellet.cs(420,17): warning CS0162: Unreachable code detected [/tmp/gh-issue-solver-1776374090226/GodotTopDownTemplate.csproj]
/tmp/gh-issue-solver-1776374090226/Scripts/Projectiles/ShotgunPellet.cs(431,13): warning CS0162: Unreachable code detected [/tmp/gh-issue-solver-1776374090226/GodotTopDownTemplate.csproj]
/tmp/gh-issue-solver-1776374090226/Scripts/Projectiles/ShotgunPellet.cs(483,21): warning CS0162: Unreachable code detected [/tmp/gh-issue-solver-1776374090226/GodotTopDownTemplate.csproj]
/tmp/gh-issue-solver-1776374090226/Scripts/Projectiles/ShotgunPellet.cs(550,21): warning CS0162: Unreachable code detected [/tmp/gh-issue-solver-1776374090226/GodotTopDownTemplate.csproj]
/tmp/gh-issue-solver-1776374090226/Scripts/Projectiles/ShotgunPellet.cs(660,66): warning CS0618: 'TileMap' is obsolete: 'Use multiple 'TileMapLayer' nodes instead. To convert a TileMap to a set of TileMapLayer nodes, open the TileMap bottom panel with the node selected, click the toolbox icon in the top-right corner and choose 'Extract TileMap layers as individual TileMapLayer nodes'.' [/tmp/gh-issue-solver-1776374090226/GodotTopDownTemplate.csproj]
/tmp/gh-issue-solver-1776374090226/Scripts/Projectiles/ShotgunPellet.cs(667,45): warning CS0618: 'TileMap' is obsolete: 'Use multiple 'TileMapLayer' nodes instead. To convert a TileMap to a set of TileMapLayer nodes, open the TileMap bottom panel with the node selected, click the toolbox icon in the top-right corner and choose 'Extract TileMap layers as individual TileMapLayer nodes'.' [/tmp/gh-issue-solver-1776374090226/GodotTopDownTemplate.csproj]
/tmp/gh-issue-solver-1776374090226/Scripts/Projectiles/ShotgunPellet.cs(708,99): warning CS8625: Cannot convert null literal to non-nullable reference type. [/tmp/gh-issue-solver-1776374090226/GodotTopDownTemplate.csproj]
/tmp/gh-issue-solver-1776374090226/Scripts/Projectiles/ShotgunPellet.cs(772,72): warning CS8625: Cannot convert null literal to non-nullable reference type. [/tmp/gh-issue-solver-1776374090226/GodotTopDownTemplate.csproj]
/tmp/gh-issue-solver-1776374090226/Scripts/Projectiles/ShotgunPellet.cs(867,17): warning CS0162: Unreachable code detected [/tmp/gh-issue-solver-1776374090226/GodotTopDownTemplate.csproj]
/tmp/gh-issue-solver-1776374090226/Scripts/Projectiles/ShotgunPellet.cs(877,17): warning CS0162: Unreachable code detected [/tmp/gh-issue-solver-1776374090226/GodotTopDownTemplate.csproj]
/tmp/gh-issue-solver-1776374090226/Scripts/Projectiles/ShotgunPellet.cs(887,13): warning CS0162: Unreachable code detected [/tmp/gh-issue-solver-1776374090226/GodotTopDownTemplate.csproj]
/tmp/gh-issue-solver-1776374090226/Scripts/Projectiles/ShotgunPellet.cs(895,17): warning CS0162: Unreachable code detected [/tmp/gh-issue-solver-1776374090226/GodotTopDownTemplate.csproj]
/tmp/gh-issue-solver-1776374090226/Scripts/Projectiles/ShotgunPellet.cs(905,13): warning CS0162: Unreachable code detected [/tmp/gh-issue-solver-1776374090226/GodotTopDownTemplate.csproj]
/tmp/gh-issue-solver-1776374090226/Scripts/Projectiles/ShotgunPellet.cs(912,17): warning CS0162: Unreachable code detected [/tmp/gh-issue-solver-1776374090226/GodotTopDownTemplate.csproj]
/tmp/gh-issue-solver-1776374090226/Scripts/Projectiles/ShotgunPellet.cs(1018,13): warning CS0162: Unreachable code detected [/tmp/gh-issue-solver-1776374090226/GodotTopDownTemplate.csproj]
/tmp/gh-issue-solver-1776374090226/Scripts/Weapons/SilencedPistol.cs(823,94): warning CS8625: Cannot convert null literal to non-nullable reference type. [/tmp/gh-issue-solver-1776374090226/GodotTopDownTemplate.csproj]
/tmp/gh-issue-solver-1776374090226/Scripts/Characters/Player.cs(1679,31): warning CS8602: Dereference of a possibly null reference. [/tmp/gh-issue-solver-1776374090226/GodotTopDownTemplate.csproj]
/tmp/gh-issue-solver-1776374090226/Scripts/Characters/Player.cs(1703,58): warning CS8602: Dereference of a possibly null reference. [/tmp/gh-issue-solver-1776374090226/GodotTopDownTemplate.csproj]
/tmp/gh-issue-solver-1776374090226/Scripts/Characters/Player.cs(1719,38): warning CS8602: Dereference of a possibly null reference. [/tmp/gh-issue-solver-1776374090226/GodotTopDownTemplate.csproj]
/tmp/gh-issue-solver-1776374090226/Scripts/Characters/Player.cs(1740,21): warning CS8602: Dereference of a possibly null reference. [/tmp/gh-issue-solver-1776374090226/GodotTopDownTemplate.csproj]
/tmp/gh-issue-solver-1776374090226/Scripts/Projectiles/Bullet.cs(455,21): warning CS0162: Unreachable code detected [/tmp/gh-issue-solver-1776374090226/GodotTopDownTemplate.csproj]
/tmp/gh-issue-solver-1776374090226/Scripts/Projectiles/Bullet.cs(657,66): warning CS0618: 'TileMap' is obsolete: 'Use multiple 'TileMapLayer' nodes instead. To convert a TileMap to a set of TileMapLayer nodes, open the TileMap bottom panel with the node selected, click the toolbox icon in the top-right corner and choose 'Extract TileMap layers as individual TileMapLayer nodes'.' [/tmp/gh-issue-solver-1776374090226/GodotTopDownTemplate.csproj]
/tmp/gh-issue-solver-1776374090226/Scripts/Projectiles/Bullet.cs(663,45): warning CS0618: 'TileMap' is obsolete: 'Use multiple 'TileMapLayer' nodes instead. To convert a TileMap to a set of TileMapLayer nodes, open the TileMap bottom panel with the node selected, click the toolbox icon in the top-right corner and choose 'Extract TileMap layers as individual TileMapLayer nodes'.' [/tmp/gh-issue-solver-1776374090226/GodotTopDownTemplate.csproj]
/tmp/gh-issue-solver-1776374090226/Scripts/Projectiles/Bullet.cs(636,36): warning CS0162: Unreachable code detected [/tmp/gh-issue-solver-1776374090226/GodotTopDownTemplate.csproj]
/tmp/gh-issue-solver-1776374090226/Scripts/Projectiles/Bullet.cs(762,99): warning CS8625: Cannot convert null literal to non-nullable reference type. [/tmp/gh-issue-solver-1776374090226/GodotTopDownTemplate.csproj]
/tmp/gh-issue-solver-1776374090226/Scripts/Projectiles/Bullet.cs(877,72): warning CS8625: Cannot convert null literal to non-nullable reference type. [/tmp/gh-issue-solver-1776374090226/GodotTopDownTemplate.csproj]
/tmp/gh-issue-solver-1776374090226/Scripts/Projectiles/Bullet.cs(795,24): warning CS0162: Unreachable code detected [/tmp/gh-issue-solver-1776374090226/GodotTopDownTemplate.csproj]
/tmp/gh-issue-solver-1776374090226/Scripts/Projectiles/Bullet.cs(803,28): warning CS0162: Unreachable code detected [/tmp/gh-issue-solver-1776374090226/GodotTopDownTemplate.csproj]
/tmp/gh-issue-solver-1776374090226/Scripts/Projectiles/Bullet.cs(813,28): warning CS0162: Unreachable code detected [/tmp/gh-issue-solver-1776374090226/GodotTopDownTemplate.csproj]
/tmp/gh-issue-solver-1776374090226/Scripts/Projectiles/Bullet.cs(823,28): warning CS0162: Unreachable code detected [/tmp/gh-issue-solver-1776374090226/GodotTopDownTemplate.csproj]
/tmp/gh-issue-solver-1776374090226/Scripts/Projectiles/Bullet.cs(838,36): warning CS0162: Unreachable code detected [/tmp/gh-issue-solver-1776374090226/GodotTopDownTemplate.csproj]
/tmp/gh-issue-solver-1776374090226/Scripts/Projectiles/Bullet.cs(852,32): warning CS0162: Unreachable code detected [/tmp/gh-issue-solver-1776374090226/GodotTopDownTemplate.csproj]
/tmp/gh-issue-solver-1776374090226/Scripts/Projectiles/Bullet.cs(876,28): warning CS0162: Unreachable code detected [/tmp/gh-issue-solver-1776374090226/GodotTopDownTemplate.csproj]
/tmp/gh-issue-solver-1776374090226/Scripts/Projectiles/Bullet.cs(883,28): warning CS0162: Unreachable code detected [/tmp/gh-issue-solver-1776374090226/GodotTopDownTemplate.csproj]
/tmp/gh-issue-solver-1776374090226/Scripts/Projectiles/Bullet.cs(892,28): warning CS0162: Unreachable code detected [/tmp/gh-issue-solver-1776374090226/GodotTopDownTemplate.csproj]
/tmp/gh-issue-solver-1776374090226/Scripts/Projectiles/Bullet.cs(899,28): warning CS0162: Unreachable code detected [/tmp/gh-issue-solver-1776374090226/GodotTopDownTemplate.csproj]
/tmp/gh-issue-solver-1776374090226/Scripts/Projectiles/Bullet.cs(906,28): warning CS0162: Unreachable code detected [/tmp/gh-issue-solver-1776374090226/GodotTopDownTemplate.csproj]
/tmp/gh-issue-solver-1776374090226/Scripts/Projectiles/Bullet.cs(916,28): warning CS0162: Unreachable code detected [/tmp/gh-issue-solver-1776374090226/GodotTopDownTemplate.csproj]
/tmp/gh-issue-solver-1776374090226/Scripts/Projectiles/Bullet.cs(938,28): warning CS0162: Unreachable code detected [/tmp/gh-issue-solver-1776374090226/GodotTopDownTemplate.csproj]
/tmp/gh-issue-solver-1776374090226/Scripts/Projectiles/Bullet.cs(1000,28): warning CS0162: Unreachable code detected [/tmp/gh-issue-solver-1776374090226/GodotTopDownTemplate.csproj]
/tmp/gh-issue-solver-1776374090226/Scripts/Projectiles/Bullet.cs(1020,28): warning CS0162: Unreachable code detected [/tmp/gh-issue-solver-1776374090226/GodotTopDownTemplate.csproj]
/tmp/gh-issue-solver-1776374090226/Scripts/Projectiles/Bullet.cs(1028,28): warning CS0162: Unreachable code detected [/tmp/gh-issue-solver-1776374090226/GodotTopDownTemplate.csproj]
/tmp/gh-issue-solver-1776374090226/Scripts/Projectiles/Bullet.cs(1036,32): warning CS0162: Unreachable code detected [/tmp/gh-issue-solver-1776374090226/GodotTopDownTemplate.csproj]
/tmp/gh-issue-solver-1776374090226/Scripts/Projectiles/Bullet.cs(1061,17): warning CS0162: Unreachable code detected [/tmp/gh-issue-solver-1776374090226/GodotTopDownTemplate.csproj]
/tmp/gh-issue-solver-1776374090226/Scripts/Projectiles/Bullet.cs(1072,17): warning CS0162: Unreachable code detected [/tmp/gh-issue-solver-1776374090226/GodotTopDownTemplate.csproj]
/tmp/gh-issue-solver-1776374090226/Scripts/Projectiles/Bullet.cs(1085,13): warning CS0162: Unreachable code detected [/tmp/gh-issue-solver-1776374090226/GodotTopDownTemplate.csproj]
/tmp/gh-issue-solver-1776374090226/Scripts/Projectiles/Bullet.cs(1093,13): warning CS0162: Unreachable code detected [/tmp/gh-issue-solver-1776374090226/GodotTopDownTemplate.csproj]
/tmp/gh-issue-solver-1776374090226/Scripts/Projectiles/Bullet.cs(1101,17): warning CS0162: Unreachable code detected [/tmp/gh-issue-solver-1776374090226/GodotTopDownTemplate.csproj]
/tmp/gh-issue-solver-1776374090226/Scripts/Projectiles/Bullet.cs(1261,13): warning CS0162: Unreachable code detected [/tmp/gh-issue-solver-1776374090226/GodotTopDownTemplate.csproj]
/tmp/gh-issue-solver-1776374090226/Scripts/Projectiles/Bullet.cs(1321,9): warning CS0162: Unreachable code detected [/tmp/gh-issue-solver-1776374090226/GodotTopDownTemplate.csproj]
/tmp/gh-issue-solver-1776374090226/Scripts/Projectiles/Bullet.cs(1446,13): warning CS0162: Unreachable code detected [/tmp/gh-issue-solver-1776374090226/GodotTopDownTemplate.csproj]
/tmp/gh-issue-solver-1776374090226/Scripts/Characters/Player.cs(2730,89): warning CS8604: Possible null reference argument for parameter 'from' in 'Variant.implicit operator Variant(GodotObject from)'. [/tmp/gh-issue-solver-1776374090226/GodotTopDownTemplate.csproj]
/tmp/gh-issue-solver-1776374090226/Scripts/Projectiles/Bullet.cs(1570,93): warning CS8625: Cannot convert null literal to non-nullable reference type. [/tmp/gh-issue-solver-1776374090226/GodotTopDownTemplate.csproj]
/tmp/gh-issue-solver-1776374090226/Scripts/Projectiles/Bullet.cs(1589,109): warning CS8625: Cannot convert null literal to non-nullable reference type. [/tmp/gh-issue-solver-1776374090226/GodotTopDownTemplate.csproj]
/tmp/gh-issue-solver-1776374090226/Scripts/Projectiles/Bullet.cs(1673,13): warning CS0162: Unreachable code detected [/tmp/gh-issue-solver-1776374090226/GodotTopDownTemplate.csproj]
/tmp/gh-issue-solver-1776374090226/Scripts/Projectiles/Bullet.cs(1693,13): warning CS0162: Unreachable code detected [/tmp/gh-issue-solver-1776374090226/GodotTopDownTemplate.csproj]
/tmp/gh-issue-solver-1776374090226/Scripts/Projectiles/Bullet.cs(1714,13): warning CS0162: Unreachable code detected [/tmp/gh-issue-solver-1776374090226/GodotTopDownTemplate.csproj]
/tmp/gh-issue-solver-1776374090226/Scripts/Projectiles/Bullet.cs(1757,17): warning CS0162: Unreachable code detected [/tmp/gh-issue-solver-1776374090226/GodotTopDownTemplate.csproj]
/tmp/gh-issue-solver-1776374090226/Scripts/Projectiles/Bullet.cs(1768,13): warning CS0162: Unreachable code detected [/tmp/gh-issue-solver-1776374090226/GodotTopDownTemplate.csproj]
/tmp/gh-issue-solver-1776374090226/Scripts/Projectiles/Bullet.cs(1820,21): warning CS0162: Unreachable code detected [/tmp/gh-issue-solver-1776374090226/GodotTopDownTemplate.csproj]
/tmp/gh-issue-solver-1776374090226/Scripts/Projectiles/Bullet.cs(1889,21): warning CS0162: Unreachable code detected [/tmp/gh-issue-solver-1776374090226/GodotTopDownTemplate.csproj]
/tmp/gh-issue-solver-1776374090226/Scripts/Projectiles/BreakerDetonation.cs(131,53): warning CS0618: 'TileMap' is obsolete: 'Use multiple 'TileMapLayer' nodes instead. To convert a TileMap to a set of TileMapLayer nodes, open the TileMap bottom panel with the node selected, click the toolbox icon in the top-right corner and choose 'Extract TileMap layers as individual TileMapLayer nodes'.' [/tmp/gh-issue-solver-1776374090226/GodotTopDownTemplate.csproj]
/tmp/gh-issue-solver-1776374090226/Scripts/Projectiles/BreakerDetonation.cs(247,36): warning CS8625: Cannot convert null literal to non-nullable reference type. [/tmp/gh-issue-solver-1776374090226/GodotTopDownTemplate.csproj]
/tmp/gh-issue-solver-1776374090226/Scripts/Projectiles/BreakerDetonation.cs(255,78): warning CS8625: Cannot convert null literal to non-nullable reference type. [/tmp/gh-issue-solver-1776374090226/GodotTopDownTemplate.csproj]
/tmp/gh-issue-solver-1776374090226/Scripts/Weapons/Revolver.cs(1239,75): warning CS8604: Possible null reference argument for parameter 'from' in 'Variant.implicit operator Variant(GodotObject from)'. [/tmp/gh-issue-solver-1776374090226/GodotTopDownTemplate.csproj]
/tmp/gh-issue-solver-1776374090226/Scripts/Characters/Player.ActiveItems.cs(1543,49): warning CS8625: Cannot convert null literal to non-nullable reference type. [/tmp/gh-issue-solver-1776374090226/GodotTopDownTemplate.csproj]
/tmp/gh-issue-solver-1776374090226/Scripts/Characters/Player.ActiveItems.cs(4433,33): warning CS8625: Cannot convert null literal to non-nullable reference type. [/tmp/gh-issue-solver-1776374090226/GodotTopDownTemplate.csproj]
/tmp/gh-issue-solver-1776374090226/Scripts/Characters/Player.cs(914,52): warning CS8625: Cannot convert null literal to non-nullable reference type. [/tmp/gh-issue-solver-1776374090226/GodotTopDownTemplate.csproj]
    94 Warning(s)
    0 Error(s)

Time Elapsed 00:00:04.40
